203.253.175.242 - - [14/Feb/2024:05:02:30 +0000] "GET /phpmyadmin/themes/pmahomme/img/b_relations.png HTTP/1.1" 200 424 "http://34.22.76.150/phpmyadmin/phpmyadmin.css.php?nocache=6463099201ltr&server=1" "Mozilla/5.0 (Windows NT 10.0; Win64; x64) AppleWebKit/537.36 (KHTML, like Gecko) Chrome/120.0.0.0 Safari/537.36 Edg/120.0.0.0"
203.253.175.242 - - [14/Feb/2024:05:02:30 +0000] "GET /phpmyadmin/themes/pmahomme/img/b_triggers.png HTTP/1.1" 200 730 "http://34.22.76.150/phpmyadmin/phpmyadmin.css.php?nocache=6463099201ltr&server=1" "Mozilla/5.0 (Windows NT 10.0; Win64; x64) AppleWebKit/537.36 (KHTML, like Gecko) Chrome/120.0.0.0 Safari/537.36 Edg/120.0.0.0"
203.253.175.242 - - [14/Feb/2024:05:02:30 +0000] "GET /phpmyadmin/js/tbl_change.js?v=4.9.5deb2 HTTP/1.1" 200 7622 "-" "Mozilla/5.0 (Windows NT 10.0; Win64; x64) AppleWebKit/537.36 (KHTML, like Gecko) Chrome/120.0.0.0 Safari/537.36 Edg/120.0.0.0"
203.253.175.242 - - [14/Feb/2024:05:02:30 +0000] "GET /phpmyadmin/js/db_structure.js?v=4.9.5deb2 HTTP/1.1" 200 4348 "-" "Mozilla/5.0 (Windows NT 10.0; Win64; x64) AppleWebKit/537.36 (KHTML, like Gecko) Chrome/120.0.0.0 Safari/537.36 Edg/120.0.0.0"
203.253.175.242 - - [14/Feb/2024:05:02:30 +0000] "GET /phpmyadmin/navigation.php?ajax_request=1&aPath=cm9vdA%3D%3D.cHJvZHVjdF9wYWdl&vPath=cm9vdA%3D%3D.cHJvZHVjdF9wYWdl&pos=0&pos2_name=&pos2_value=&searchClause=&searchClause2=&_nocache=1707886949688778025&token=7b466874306a415c5f676d70313e3242 HTTP/1.1" 200 3033 "-" "Mozilla/5.0 (Windows NT 10.0; Win64; x64) AppleWebKit/537.36 (KHTML, like Gecko) Chrome/120.0.0.0 Safari/537.36 Edg/120.0.0.0"
203.253.175.242 - - [14/Feb/2024:05:02:39 +0000] "GET /phpmyadmin/themes/pmahomme/img/s_lock.png HTTP/1.1" 200 952 "http://34.22.76.150/phpmyadmin/phpmyadmin.css.php?nocache=6463099201ltr&server=1" "Mozilla/5.0 (Windows NT 10.0; Win64; x64) AppleWebKit/537.36 (KHTML, like Gecko) Chrome/120.0.0.0 Safari/537.36 Edg/120.0.0.0"
203.253.175.242 - - [14/Feb/2024:05:02:42 +0000] "POST /phpmyadmin/tbl_create.php HTTP/1.1" 200 44227 "-" "Mozilla/5.0 (Windows NT 10.0; Win64; x64) AppleWebKit/537.36 (KHTML, like Gecko) Chrome/120.0.0.0 Safari/537.36 Edg/120.0.0.0"
203.253.175.242 - - [14/Feb/2024:05:02:43 +0000] "GET /phpmyadmin/themes/pmahomme/img/b_insrow.png HTTP/1.1" 200 440 "http://34.22.76.150/phpmyadmin/phpmyadmin.css.php?nocache=6463099201ltr&server=1" "Mozilla/5.0 (Windows NT 10.0; Win64; x64) AppleWebKit/537.36 (KHTML, like Gecko) Chrome/120.0.0.0 Safari/537.36 Edg/120.0.0.0"
203.253.175.242 - - [14/Feb/2024:05:02:43 +0000] "GET /phpmyadmin/themes/pmahomme/img/b_tblexport.png HTTP/1.1" 200 799 "http://34.22.76.150/phpmyadmin/phpmyadmin.css.php?nocache=6463099201ltr&server=1" "Mozilla/5.0 (Windows NT 10.0; Win64; x64) AppleWebKit/537.36 (KHTML, like Gecko) Chrome/120.0.0.0 Safari/537.36 Edg/120.0.0.0"
203.253.175.242 - - [14/Feb/2024:05:02:43 +0000] "GET /phpmyadmin/themes/pmahomme/img/b_tblimport.png HTTP/1.1" 200 841 "http://34.22.76.150/phpmyadmin/phpmyadmin.css.php?nocache=6463099201ltr&server=1" "Mozilla/5.0 (Windows NT 10.0; Win64; x64) AppleWebKit/537.36 (KHTML, like Gecko) Chrome/120.0.0.0 Safari/537.36 Edg/120.0.0.0"
203.253.175.242 - - [14/Feb/2024:05:02:43 +0000] "GET /phpmyadmin/index.php?ajax_request=1&recent_table=1&no_debug=true&_nocache=1707886962169810827&token=7b466874306a415c5f676d70313e3242 HTTP/1.1" 200 3068 "-" "Mozilla/5.0 (Windows NT 10.0; Win64; x64) AppleWebKit/537.36 (KHTML, like Gecko) Chrome/120.0.0.0 Safari/537.36 Edg/120.0.0.0"
203.253.175.242 - - [14/Feb/2024:05:03:42 +0000] "POST /phpmyadmin/tbl_structure.php HTTP/1.1" 200 1401 "-" "Mozilla/5.0 (Windows NT 10.0; Win64; x64) AppleWebKit/537.36 (KHTML, like Gecko) Chrome/120.0.0.0 Safari/537.36 Edg/120.0.0.0"
203.253.175.242 - - [14/Feb/2024:05:03:42 +0000] "POST /phpmyadmin/tbl_create.php HTTP/1.1" 200 3199 "-" "Mozilla/5.0 (Windows NT 10.0; Win64; x64) AppleWebKit/537.36 (KHTML, like Gecko) Chrome/120.0.0.0 Safari/537.36 Edg/120.0.0.0"
203.253.175.242 - - [14/Feb/2024:05:03:42 +0000] "GET /phpmyadmin/db_structure.php?server=1&db=product_page&table=product&ajax_request=true&ajax_page_request=true&_nocache=170788702205987566&token=7b466874306a415c5f676d70313e3242 HTTP/1.1" 200 6674 "-" "Mozilla/5.0 (Windows NT 10.0; Win64; x64) AppleWebKit/537.36 (KHTML, like Gecko) Chrome/120.0.0.0 Safari/537.36 Edg/120.0.0.0"
203.253.175.242 - - [14/Feb/2024:05:03:42 +0000] "POST /phpmyadmin/navigation.php?ajax_request=1 HTTP/1.1" 200 3979 "-" "Mozilla/5.0 (Windows NT 10.0; Win64; x64) AppleWebKit/537.36 (KHTML, like Gecko) Chrome/120.0.0.0 Safari/537.36 Edg/120.0.0.0"
203.253.175.242 - - [14/Feb/2024:05:03:43 +0000] "GET /phpmyadmin/themes/pmahomme/img/b_no_favorite.png HTTP/1.1" 200 661 "http://34.22.76.150/phpmyadmin/phpmyadmin.css.php?nocache=6463099201ltr&server=1" "Mozilla/5.0 (Windows NT 10.0; Win64; x64) AppleWebKit/537.36 (KHTML, like Gecko) Chrome/120.0.0.0 Safari/537.36 Edg/120.0.0.0"
203.253.175.242 - - [14/Feb/2024:05:03:43 +0000] "GET /phpmyadmin/themes/pmahomme/img/b_print.png HTTP/1.1" 200 924 "http://34.22.76.150/phpmyadmin/phpmyadmin.css.php?nocache=6463099201ltr&server=1" "Mozilla/5.0 (Windows NT 10.0; Win64; x64) AppleWebKit/537.36 (KHTML, like Gecko) Chrome/120.0.0.0 Safari/537.36 Edg/120.0.0.0"
203.253.175.242 - - [14/Feb/2024:05:03:43 +0000] "GET /phpmyadmin/themes/pmahomme/img/b_drop.png HTTP/1.1" 200 922 "http://34.22.76.150/phpmyadmin/phpmyadmin.css.php?nocache=6463099201ltr&server=1" "Mozilla/5.0 (Windows NT 10.0; Win64; x64) AppleWebKit/537.36 (KHTML, like Gecko) Chrome/120.0.0.0 Safari/537.36 Edg/120.0.0.0"
203.253.175.242 - - [14/Feb/2024:05:03:43 +0000] "GET /phpmyadmin/themes/pmahomme/img/b_tblanalyse.png HTTP/1.1" 200 436 "http://34.22.76.150/phpmyadmin/phpmyadmin.css.php?nocache=6463099201ltr&server=1" "Mozilla/5.0 (Windows NT 10.0; Win64; x64) AppleWebKit/537.36 (KHTML, like Gecko) Chrome/120.0.0.0 Safari/537.36 Edg/120.0.0.0"
203.253.175.242 - - [14/Feb/2024:05:03:43 +0000] "GET /phpmyadmin/themes/pmahomme/img/bd_browse.png HTTP/1.1" 200 555 "http://34.22.76.150/phpmyadmin/phpmyadmin.css.php?nocache=6463099201ltr&server=1" "Mozilla/5.0 (Windows NT 10.0; Win64; x64) AppleWebKit/537.36 (KHTML, like Gecko) Chrome/120.0.0.0 Safari/537.36 Edg/120.0.0.0"
203.253.175.242 - - [14/Feb/2024:05:03:43 +0000] "GET /phpmyadmin/themes/pmahomme/img/bd_empty.png HTTP/1.1" 200 611 "http://34.22.76.150/phpmyadmin/phpmyadmin.css.php?nocache=6463099201ltr&server=1" "Mozilla/5.0 (Windows NT 10.0; Win64; x64) AppleWebKit/537.36 (KHTML, like Gecko) Chrome/120.0.0.0 Safari/537.36 Edg/120.0.0.0"
203.253.175.242 - - [14/Feb/2024:05:03:43 +0000] "GET /phpmyadmin/themes/pmahomme/img/bd_select.png HTTP/1.1" 200 609 "http://34.22.76.150/phpmyadmin/phpmyadmin.css.php?nocache=6463099201ltr&server=1" "Mozilla/5.0 (Windows NT 10.0; Win64; x64) AppleWebKit/537.36 (KHTML, like Gecko) Chrome/120.0.0.0 Safari/537.36 Edg/120.0.0.0"
203.253.175.242 - - [14/Feb/2024:05:03:42 +0000] "GET /phpmyadmin/tbl_structure.php?server=1&db=product_page&token=7b466874306a415c5f676d70313e3242&goto=db_structure.php&table=product&ajax_request=true&ajax_page_request=true&_nocache=1707887022061527911&token=7b466874306a415c5f676d70313e3242 HTTP/1.1" 200 8908 "-" "Mozilla/5.0 (Windows NT 10.0; Win64; x64) AppleWebKit/537.36 (KHTML, like Gecko) Chrome/120.0.0.0 Safari/537.36 Edg/120.0.0.0"
203.253.175.242 - - [14/Feb/2024:05:03:43 +0000] "GET /phpmyadmin/index.php?ajax_request=1&recent_table=1&no_debug=true&_nocache=1707887022154683185&token=7b466874306a415c5f676d70313e3242 HTTP/1.1" 200 3063 "-" "Mozilla/5.0 (Windows NT 10.0; Win64; x64) AppleWebKit/537.36 (KHTML, like Gecko) Chrome/120.0.0.0 Safari/537.36 Edg/120.0.0.0"
203.253.175.242 - - [14/Feb/2024:05:03:43 +0000] "GET /phpmyadmin/themes/pmahomme/img/b_edit.png HTTP/1.1" 200 661 "http://34.22.76.150/phpmyadmin/phpmyadmin.css.php?nocache=6463099201ltr&server=1" "Mozilla/5.0 (Windows NT 10.0; Win64; x64) AppleWebKit/537.36 (KHTML, like Gecko) Chrome/120.0.0.0 Safari/537.36 Edg/120.0.0.0"
203.253.175.242 - - [14/Feb/2024:05:03:43 +0000] "GET /phpmyadmin/themes/pmahomme/img/b_unique.png HTTP/1.1" 200 867 "http://34.22.76.150/phpmyadmin/phpmyadmin.css.php?nocache=6463099201ltr&server=1" "Mozilla/5.0 (Windows NT 10.0; Win64; x64) AppleWebKit/537.36 (KHTML, like Gecko) Chrome/120.0.0.0 Safari/537.36 Edg/120.0.0.0"
203.253.175.242 - - [14/Feb/2024:05:03:43 +0000] "GET /phpmyadmin/themes/pmahomme/img/b_primary.png HTTP/1.1" 200 820 "http://34.22.76.150/phpmyadmin/phpmyadmin.css.php?nocache=6463099201ltr&server=1" "Mozilla/5.0 (Windows NT 10.0; Win64; x64) AppleWebKit/537.36 (KHTML, like Gecko) Chrome/120.0.0.0 Safari/537.36 Edg/120.0.0.0"
203.253.175.242 - - [14/Feb/2024:05:03:43 +0000] "GET /phpmyadmin/themes/pmahomme/img/b_index.png HTTP/1.1" 200 927 "http://34.22.76.150/phpmyadmin/phpmyadmin.css.php?nocache=6463099201ltr&server=1" "Mozilla/5.0 (Windows NT 10.0; Win64; x64) AppleWebKit/537.36 (KHTML, like Gecko) Chrome/120.0.0.0 Safari/537.36 Edg/120.0.0.0"
203.253.175.242 - - [14/Feb/2024:05:03:43 +0000] "GET /phpmyadmin/themes/pmahomme/img/b_ftext.png HTTP/1.1" 200 834 "http://34.22.76.150/phpmyadmin/phpmyadmin.css.php?nocache=6463099201ltr&server=1" "Mozilla/5.0 (Windows NT 10.0; Win64; x64) AppleWebKit/537.36 (KHTML, like Gecko) Chrome/120.0.0.0 Safari/537.36 Edg/120.0.0.0"
203.253.175.242 - - [14/Feb/2024:05:03:43 +0000] "GET /phpmyadmin/themes/pmahomme/img/b_move.png HTTP/1.1" 200 665 "http://34.22.76.150/phpmyadmin/phpmyadmin.css.php?nocache=6463099201ltr&server=1" "Mozilla/5.0 (Windows NT 10.0; Win64; x64) AppleWebKit/537.36 (KHTML, like Gecko) Chrome/120.0.0.0 Safari/537.36 Edg/120.0.0.0"
203.253.175.242 - - [14/Feb/2024:05:03:43 +0000] "GET /phpmyadmin/js/tbl_structure.js?v=4.9.5deb2 HTTP/1.1" 200 5136 "-" "Mozilla/5.0 (Windows NT 10.0; Win64; x64) AppleWebKit/537.36 (KHTML, like Gecko) Chrome/120.0.0.0 Safari/537.36 Edg/120.0.0.0"
203.253.175.242 - - [14/Feb/2024:05:03:43 +0000] "GET /phpmyadmin/themes/pmahomme/img/normalize.png HTTP/1.1" 200 789 "http://34.22.76.150/phpmyadmin/phpmyadmin.css.php?nocache=6463099201ltr&server=1" "Mozilla/5.0 (Windows NT 10.0; Win64; x64) AppleWebKit/537.36 (KHTML, like Gecko) Chrome/120.0.0.0 Safari/537.36 Edg/120.0.0.0"
203.253.175.242 - - [14/Feb/2024:05:03:43 +0000] "GET /phpmyadmin/index.php?ajax_request=1&recent_table=1&no_debug=true&_nocache=17078870222627226&token=7b466874306a415c5f676d70313e3242 HTTP/1.1" 200 3066 "-" "Mozilla/5.0 (Windows NT 10.0; Win64; x64) AppleWebKit/537.36 (KHTML, like Gecko) Chrome/120.0.0.0 Safari/537.36 Edg/120.0.0.0"
::1 - - [14/Feb/2024:05:03:50 +0000] "OPTIONS * HTTP/1.0" 200 126 "-" "Apache/2.4.41 (Ubuntu) mod_wsgi/4.6.8 Python/3.8 (internal dummy connection)"
146.19.24.28 - - [14/Feb/2024:05:06:14 +0000] "GET / HTTP/1.1" 200 10965 "-" "-"
203.253.175.242 - - [14/Feb/2024:05:08:02 +0000] "GET /phpmyadmin/sql.php?server=1&db=product_page&table=product&pos=0&ajax_request=true&ajax_page_request=true&_nocache=1707887281523759463&token=7b466874306a415c5f676d70313e3242 HTTP/1.1" 200 6621 "-" "Mozilla/5.0 (Windows NT 10.0; Win64; x64) AppleWebKit/537.36 (KHTML, like Gecko) Chrome/120.0.0.0 Safari/537.36 Edg/120.0.0.0"
203.253.175.242 - - [14/Feb/2024:05:08:02 +0000] "GET /phpmyadmin/js/gis_data_editor.js?v=4.9.5deb2 HTTP/1.1" 200 3953 "-" "Mozilla/5.0 (Windows NT 10.0; Win64; x64) AppleWebKit/537.36 (KHTML, like Gecko) Chrome/120.0.0.0 Safari/537.36 Edg/120.0.0.0"
203.253.175.242 - - [14/Feb/2024:05:08:02 +0000] "GET /phpmyadmin/index.php?ajax_request=1&recent_table=1&no_debug=true&_nocache=1707887281631926911&token=7b466874306a415c5f676d70313e3242 HTTP/1.1" 200 3082 "-" "Mozilla/5.0 (Windows NT 10.0; Win64; x64) AppleWebKit/537.36 (KHTML, like Gecko) Chrome/120.0.0.0 Safari/537.36 Edg/120.0.0.0"
203.253.175.242 - - [14/Feb/2024:05:08:02 +0000] "GET /phpmyadmin/js/multi_column_sort.js?v=4.9.5deb2 HTTP/1.1" 200 1605 "-" "Mozilla/5.0 (Windows NT 10.0; Win64; x64) AppleWebKit/537.36 (KHTML, like Gecko) Chrome/120.0.0.0 Safari/537.36 Edg/120.0.0.0"
203.253.175.242 - - [14/Feb/2024:05:08:05 +0000] "GET /phpmyadmin/db_structure.php?server=1&db=product_page&ajax_request=true&ajax_page_request=true&_nocache=170788728489223090&token=7b466874306a415c5f676d70313e3242 HTTP/1.1" 200 6721 "-" "Mozilla/5.0 (Windows NT 10.0; Win64; x64) AppleWebKit/537.36 (KHTML, like Gecko) Chrome/120.0.0.0 Safari/537.36 Edg/120.0.0.0"
203.253.175.242 - - [14/Feb/2024:05:08:09 +0000] "GET /phpmyadmin/db_structure.php?server=1&db=product_page&ajax_request=true&ajax_page_request=true&_nocache=1707887288639247955&token=7b466874306a415c5f676d70313e3242 HTTP/1.1" 200 6716 "-" "Mozilla/5.0 (Windows NT 10.0; Win64; x64) AppleWebKit/537.36 (KHTML, like Gecko) Chrome/120.0.0.0 Safari/537.36 Edg/120.0.0.0"
203.253.175.242 - - [14/Feb/2024:05:08:12 +0000] "GET /phpmyadmin/db_sql.php?db=product_page&ajax_request=true&ajax_page_request=true&_nocache=1707887291259588519&token=7b466874306a415c5f676d70313e3242 HTTP/1.1" 200 6159 "-" "Mozilla/5.0 (Windows NT 10.0; Win64; x64) AppleWebKit/537.36 (KHTML, like Gecko) Chrome/120.0.0.0 Safari/537.36 Edg/120.0.0.0"
203.253.175.242 - - [14/Feb/2024:05:08:12 +0000] "GET /phpmyadmin/db_structure.php?db=product_page&ajax_request=true&ajax_page_request=true&_nocache=170788729201069165&token=7b466874306a415c5f676d70313e3242 HTTP/1.1" 200 6716 "-" "Mozilla/5.0 (Windows NT 10.0; Win64; x64) AppleWebKit/537.36 (KHTML, like Gecko) Chrome/120.0.0.0 Safari/537.36 Edg/120.0.0.0"
203.253.175.242 - - [14/Feb/2024:05:08:14 +0000] "GET /phpmyadmin/sql.php?db=product_page&table=product&pos=0&ajax_request=true&ajax_page_request=true&_nocache=1707887293936540347&token=7b466874306a415c5f676d70313e3242 HTTP/1.1" 200 6613 "-" "Mozilla/5.0 (Windows NT 10.0; Win64; x64) AppleWebKit/537.36 (KHTML, like Gecko) Chrome/120.0.0.0 Safari/537.36 Edg/120.0.0.0"
203.253.175.242 - - [14/Feb/2024:05:08:14 +0000] "GET /phpmyadmin/index.php?ajax_request=1&recent_table=1&no_debug=true&_nocache=1707887294003872299&token=7b466874306a415c5f676d70313e3242 HTTP/1.1" 200 3068 "-" "Mozilla/5.0 (Windows NT 10.0; Win64; x64) AppleWebKit/537.36 (KHTML, like Gecko) Chrome/120.0.0.0 Safari/537.36 Edg/120.0.0.0"
185.224.128.55 - - [14/Feb/2024:05:22:20 +0000] "GET / HTTP/1.1" 200 3743 "-" "Mozilla/5.0 (Windows NT 10.0; Win64; x64) AppleWebKit/537.36 (KHTML, like Gecko) Chrome/90.0.4430.85 Safari/537.36 Edg/90.0.818.46"
198.74.56.46 - - [14/Feb/2024:05:27:05 +0000] "GET / HTTP/1.1" 200 675 "-" "Mozilla/5.0 zgrab/0.x"
203.253.175.242 - - [14/Feb/2024:05:27:57 +0000] "-" 408 0 "-" "-"
203.253.175.242 - - [14/Feb/2024:05:27:57 +0000] "-" 408 0 "-" "-"
203.253.175.242 - - [14/Feb/2024:05:30:48 +0000] "-" 408 0 "-" "-"
203.253.175.242 - - [14/Feb/2024:05:30:48 +0000] "-" 408 0 "-" "-"
203.253.175.242 - - [14/Feb/2024:05:32:10 +0000] "POST /phpmyadmin/index.php HTTP/1.1" 200 3086 "-" "Mozilla/5.0 (Windows NT 10.0; Win64; x64) AppleWebKit/537.36 (KHTML, like Gecko) Chrome/120.0.0.0 Safari/537.36 Edg/120.0.0.0"
203.253.175.242 - - [14/Feb/2024:05:35:17 +0000] "-" 408 0 "-" "-"
203.253.175.242 - - [14/Feb/2024:05:39:17 +0000] "-" 408 0 "-" "-"
203.253.175.242 - - [14/Feb/2024:05:39:17 +0000] "-" 408 0 "-" "-"
175.199.23.125 - - [14/Feb/2024:05:45:22 +0000] "GET /favicon.ico HTTP/1.1" 404 3116 "http://34.22.76.150/" "Mozilla/5.0 (Windows NT 10.0; Win64; x64) AppleWebKit/537.36 (KHTML, like Gecko) Chrome/121.0.0.0 Safari/537.36 Edg/121.0.0.0"
175.199.23.125 - - [14/Feb/2024:05:45:22 +0000] "GET / HTTP/1.1" 200 731 "-" "Mozilla/5.0 (Windows NT 10.0; Win64; x64) AppleWebKit/537.36 (KHTML, like Gecko) Chrome/121.0.0.0 Safari/537.36 Edg/121.0.0.0"
175.199.23.125 - - [14/Feb/2024:05:45:23 +0000] "GET / HTTP/1.1" 200 730 "http://59.18.34.165/" "Mozilla/5.0 (Windows NT 10.0; Win64; x64) AppleWebKit/537.36 (KHTML, like Gecko) Chrome/121.0.0.0 Safari/537.36 Edg/121.0.0.0"
203.253.175.242 - - [14/Feb/2024:05:47:19 +0000] "\x16\x03\x01\x02" 400 531 "-" "-"
203.253.175.242 - - [14/Feb/2024:05:47:19 +0000] "\x16\x03\x01\x02\x1a\x01" 400 531 "-" "-"
203.253.175.242 - - [14/Feb/2024:05:47:19 +0000] "\x16\x03\x01\x02\x1a\x01" 400 531 "-" "-"
203.253.175.242 - - [14/Feb/2024:05:47:19 +0000] "\x16\x03\x01\x02" 400 531 "-" "-"
211.231.103.94 - - [14/Feb/2024:05:48:02 +0000] "GET / HTTP/1.1" 200 694 "-" "facebookexternalhit/1.1; kakaotalk-scrap/1.0; +https://devtalk.kakao.com/t/scrap/33984"
211.231.103.94 - - [14/Feb/2024:05:48:02 +0000] "GET / HTTP/1.1" 200 694 "-" "facebookexternalhit/1.1; kakaotalk-scrap/1.0; +https://devtalk.kakao.com/t/scrap/33984"
203.253.175.242 - - [14/Feb/2024:05:48:06 +0000] "GET / HTTP/1.1" 200 731 "-" "Mozilla/5.0 (Windows NT 10.0; Win64; x64) AppleWebKit/537.36 (KHTML, like Gecko) Chrome/120.0.0.0 Safari/537.36 Edg/120.0.0.0"
203.253.175.242 - - [14/Feb/2024:05:48:06 +0000] "GET /favicon.ico HTTP/1.1" 404 3115 "http://34.22.76.150/" "Mozilla/5.0 (Windows NT 10.0; Win64; x64) AppleWebKit/537.36 (KHTML, like Gecko) Chrome/120.0.0.0 Safari/537.36 Edg/120.0.0.0"
203.253.175.242 - - [14/Feb/2024:05:48:57 +0000] "-" 408 0 "-" "-"
203.253.175.242 - - [14/Feb/2024:05:49:57 +0000] "-" 408 0 "-" "-"
203.253.175.242 - - [14/Feb/2024:05:49:57 +0000] "-" 408 0 "-" "-"
203.253.175.242 - - [14/Feb/2024:05:50:57 +0000] "-" 408 0 "-" "-"
203.253.175.242 - - [14/Feb/2024:05:50:57 +0000] "-" 408 0 "-" "-"
203.253.175.242 - - [14/Feb/2024:05:51:57 +0000] "-" 408 0 "-" "-"
203.253.175.242 - - [14/Feb/2024:05:51:58 +0000] "-" 408 0 "-" "-"
162.243.161.105 - - [14/Feb/2024:05:52:55 +0000] "\x16\x03\x01" 400 531 "-" "-"
162.243.161.105 - - [14/Feb/2024:05:52:55 +0000] "GET / HTTP/1.1" 200 916 "-" "-"
162.243.161.105 - - [14/Feb/2024:05:52:56 +0000] "GET / HTTP/1.1" 200 916 "-" "Mozilla/5.0 (Linux; Android 6.0; HTC One M9 Build/MRA90176) AppleWebKit/537.36 (KHTML, like Gecko) Chrome/52.0.5718.98 Mobile Safari/537.3"
162.243.161.105 - - [14/Feb/2024:05:52:56 +0000] "GET /.vscode/sftp.json HTTP/1.1" 404 3097 "-" "Go-http-client/1.1"
162.243.161.105 - - [14/Feb/2024:05:52:57 +0000] "GET /about HTTP/1.1" 404 3061 "-" "Go-http-client/1.1"
162.243.161.105 - - [14/Feb/2024:05:52:57 +0000] "GET /debug/default/view?panel=config HTTP/1.1" 404 3113 "-" "Go-http-client/1.1"
203.253.175.242 - - [14/Feb/2024:05:52:57 +0000] "-" 408 0 "-" "-"
203.253.175.242 - - [14/Feb/2024:05:52:57 +0000] "-" 408 0 "-" "-"
162.243.161.105 - - [14/Feb/2024:05:52:58 +0000] "GET /v2/_catalog HTTP/1.1" 404 3079 "-" "Go-http-client/1.1"
162.243.161.105 - - [14/Feb/2024:05:52:58 +0000] "GET /ecp/Current/exporttool/microsoft.exchange.ediscovery.exporttool.application HTTP/1.1" 404 3271 "-" "Go-http-client/1.1"
162.243.161.105 - - [14/Feb/2024:05:52:58 +0000] "GET /server-status HTTP/1.1" 403 457 "-" "Go-http-client/1.1"
162.243.161.105 - - [14/Feb/2024:05:52:59 +0000] "GET /login.action HTTP/1.1" 404 3082 "-" "Go-http-client/1.1"
162.243.161.105 - - [14/Feb/2024:05:52:59 +0000] "GET /_all_dbs HTTP/1.1" 404 3070 "-" "Mozilla/5.0 (l9scan/2.0.035313e26373e22323e24333; +https://leakix.net)"
162.243.161.105 - - [14/Feb/2024:05:53:00 +0000] "GET /.DS_Store HTTP/1.1" 404 3073 "-" "Go-http-client/1.1"
162.243.161.105 - - [14/Feb/2024:05:53:00 +0000] "GET /.env HTTP/1.1" 404 3058 "-" "Go-http-client/1.1"
162.243.161.105 - - [14/Feb/2024:05:53:00 +0000] "GET /.git/config HTTP/1.1" 404 3079 "-" "Go-http-client/1.1"
162.243.161.105 - - [14/Feb/2024:05:53:01 +0000] "GET /s/035313e26373e22323e24333/_/;/META-INF/maven/com.atlassian.jira/jira-webapp-dist/pom.properties HTTP/1.1" 404 3336 "-" "Go-http-client/1.1"
162.243.161.105 - - [14/Feb/2024:05:53:01 +0000] "GET /config.json HTTP/1.1" 404 3079 "-" "Go-http-client/1.1"
162.243.161.105 - - [14/Feb/2024:05:53:02 +0000] "GET /telescope/requests HTTP/1.1" 404 3100 "-" "Go-http-client/1.1"
162.243.161.105 - - [14/Feb/2024:05:53:02 +0000] "GET /?rest_route=/wp/v2/users/ HTTP/1.1" 200 694 "-" "Go-http-client/1.1"
203.253.175.242 - - [14/Feb/2024:05:53:41 +0000] "POST /phpmyadmin/index.php HTTP/1.1" 200 3074 "-" "Mozilla/5.0 (Windows NT 10.0; Win64; x64) AppleWebKit/537.36 (KHTML, like Gecko) Chrome/120.0.0.0 Safari/537.36 Edg/120.0.0.0"
45.79.128.205 - - [14/Feb/2024:05:58:45 +0000] "GET / HTTP/1.1" 200 675 "-" "Mozilla/5.0 (Macintosh; Intel Mac OS X 13_1) AppleWebKit/537.36 (KHTML, like Gecko) Chrome/108.0.0.0 Safari/537.36"
180.149.125.168 - - [14/Feb/2024:06:10:30 +0000] "GET /stalker_portal/server/tools/auth_simple.php HTTP/1.1" 404 3156 "-" "Mozilla/5.0 (Windows NT 5.1; Win64; x64) AppleWebKit/537.36 (KHTML, like Gecko) Chrome/60.0.3112.90 Safari/537.36"
146.19.24.28 - - [14/Feb/2024:06:12:23 +0000] "GET / HTTP/1.1" 200 897 "-" "-"
185.189.182.234 - - [14/Feb/2024:06:13:41 +0000] "GET / HTTP/1.1" 400 531 "-" "-"
203.253.175.242 - - [14/Feb/2024:06:13:48 +0000] "POST /phpmyadmin/index.php HTTP/1.1" 200 3085 "-" "Mozilla/5.0 (Windows NT 10.0; Win64; x64) AppleWebKit/537.36 (KHTML, like Gecko) Chrome/120.0.0.0 Safari/537.36 Edg/120.0.0.0"
203.253.175.242 - - [14/Feb/2024:06:19:18 +0000] "-" 408 0 "-" "-"
203.253.175.242 - - [14/Feb/2024:06:19:18 +0000] "-" 408 0 "-" "-"
203.253.175.242 - - [14/Feb/2024:06:20:18 +0000] "-" 408 0 "-" "-"
203.253.175.242 - - [14/Feb/2024:06:20:18 +0000] "-" 408 0 "-" "-"
203.253.175.242 - - [14/Feb/2024:06:21:19 +0000] "-" 408 0 "-" "-"
203.253.175.242 - - [14/Feb/2024:06:21:19 +0000] "-" 408 0 "-" "-"
203.253.175.242 - - [14/Feb/2024:06:22:18 +0000] "-" 408 0 "-" "-"
203.253.175.242 - - [14/Feb/2024:06:22:18 +0000] "-" 408 0 "-" "-"
203.253.175.242 - - [14/Feb/2024:06:23:19 +0000] "-" 408 0 "-" "-"
203.253.175.242 - - [14/Feb/2024:06:23:19 +0000] "-" 408 0 "-" "-"
203.253.175.242 - - [14/Feb/2024:06:33:34 +0000] "POST /phpmyadmin/index.php HTTP/1.1" 200 3077 "-" "Mozilla/5.0 (Windows NT 10.0; Win64; x64) AppleWebKit/537.36 (KHTML, like Gecko) Chrome/120.0.0.0 Safari/537.36 Edg/120.0.0.0"
203.253.175.242 - - [14/Feb/2024:06:46:57 +0000] "-" 408 0 "-" "-"
203.253.175.242 - - [14/Feb/2024:06:46:57 +0000] "-" 408 0 "-" "-"
203.253.175.242 - - [14/Feb/2024:06:47:56 +0000] "-" 408 0 "-" "-"
203.253.175.242 - - [14/Feb/2024:06:47:56 +0000] "-" 408 0 "-" "-"
203.253.175.242 - - [14/Feb/2024:06:48:57 +0000] "-" 408 0 "-" "-"
203.253.175.242 - - [14/Feb/2024:06:48:57 +0000] "-" 408 0 "-" "-"
203.253.175.242 - - [14/Feb/2024:06:49:57 +0000] "-" 408 0 "-" "-"
203.253.175.242 - - [14/Feb/2024:06:49:57 +0000] "-" 408 0 "-" "-"
203.253.175.242 - - [14/Feb/2024:06:50:57 +0000] "-" 408 0 "-" "-"
203.253.175.242 - - [14/Feb/2024:06:50:57 +0000] "-" 408 0 "-" "-"
2.57.122.161 - - [14/Feb/2024:06:59:46 +0000] "GET /cl/9_md/9/9/9/9/999999 HTTP/1.1" 404 3093 "-" "Mozilla/5.0 zgrab/0.x"
185.224.128.55 - - [14/Feb/2024:07:04:24 +0000] "GET / HTTP/1.1" 200 731 "-" "Mozilla/5.0 (Windows NT 10.0; Win64; x64) AppleWebKit/537.36 (KHTML, like Gecko) Chrome/90.0.4430.85 Safari/537.36 Edg/90.0.818.46"
172.104.11.46 - - [14/Feb/2024:07:06:51 +0000] "\x16\x03\x01" 400 531 "-" "-"
201.108.243.242 - - [14/Feb/2024:07:07:07 +0000] "GET / HTTP/1.1" 200 897 "-" "Mozilla/5.0 (Windows NT 10.0; WOW64) AppleWebKit/537.36 (KHTML, like Gecko) Chrome/51.0.2704.103 Safari/537.36"
192.155.90.220 - - [14/Feb/2024:07:18:42 +0000] "\x16\x03\x01" 400 531 "-" "-"
203.253.175.242 - - [14/Feb/2024:07:27:26 +0000] "-" 408 0 "-" "-"
203.253.175.242 - - [14/Feb/2024:07:27:26 +0000] "-" 408 0 "-" "-"
203.253.175.242 - - [14/Feb/2024:07:28:37 +0000] "-" 408 0 "-" "-"
203.253.175.242 - - [14/Feb/2024:07:28:37 +0000] "-" 408 0 "-" "-"
203.253.175.242 - - [14/Feb/2024:07:29:37 +0000] "-" 408 0 "-" "-"
203.253.175.242 - - [14/Feb/2024:07:29:37 +0000] "-" 408 0 "-" "-"
203.253.175.242 - - [14/Feb/2024:07:30:37 +0000] "-" 408 0 "-" "-"
203.253.175.242 - - [14/Feb/2024:07:30:37 +0000] "-" 408 0 "-" "-"
193.106.29.124 - - [14/Feb/2024:07:33:23 +0000] "GET / HTTP/1.0" 200 916 "-" "Mozilla/5.0"
203.253.175.242 - - [14/Feb/2024:07:34:41 +0000] "-" 408 0 "-" "-"
203.253.175.242 - - [14/Feb/2024:07:34:41 +0000] "-" 408 0 "-" "-"
203.253.175.242 - - [14/Feb/2024:07:35:41 +0000] "-" 408 0 "-" "-"
203.253.175.242 - - [14/Feb/2024:07:35:41 +0000] "-" 408 0 "-" "-"
203.253.175.242 - - [14/Feb/2024:07:36:41 +0000] "-" 408 0 "-" "-"
203.253.175.242 - - [14/Feb/2024:07:36:41 +0000] "-" 408 0 "-" "-"
146.19.24.28 - - [14/Feb/2024:07:36:53 +0000] "GET / HTTP/1.1" 200 897 "-" "-"
203.253.175.242 - - [14/Feb/2024:07:37:41 +0000] "-" 408 0 "-" "-"
203.253.175.242 - - [14/Feb/2024:07:37:41 +0000] "-" 408 0 "-" "-"
45.79.128.205 - - [14/Feb/2024:07:40:30 +0000] "GET / HTTP/1.1" 200 675 "-" "Mozilla/5.0 (Macintosh; Intel Mac OS X 13_1) AppleWebKit/537.36 (KHTML, like Gecko) Chrome/108.0.0.0 Safari/537.36"
203.253.175.242 - - [14/Feb/2024:07:44:55 +0000] "-" 408 0 "-" "-"
203.253.175.242 - - [14/Feb/2024:07:44:55 +0000] "-" 408 0 "-" "-"
203.253.175.242 - - [14/Feb/2024:07:51:19 +0000] "-" 408 0 "-" "-"
203.253.175.242 - - [14/Feb/2024:07:51:19 +0000] "-" 408 0 "-" "-"
203.253.175.242 - - [14/Feb/2024:07:52:19 +0000] "-" 408 0 "-" "-"
203.253.175.242 - - [14/Feb/2024:07:52:19 +0000] "-" 408 0 "-" "-"
203.253.175.242 - - [14/Feb/2024:07:57:55 +0000] "-" 408 0 "-" "-"
203.253.175.242 - - [14/Feb/2024:07:57:55 +0000] "-" 408 0 "-" "-"
178.128.40.174 - - [14/Feb/2024:08:15:12 +0000] "\x16\x03\x01\x01\xfb\x01" 400 531 "-" "-"
192.241.207.87 - - [14/Feb/2024:08:16:28 +0000] "GET / HTTP/1.1" 200 675 "-" "Mozilla/5.0 zgrab/0.x"
203.253.175.242 - - [14/Feb/2024:08:17:42 +0000] "-" 408 0 "-" "-"
203.253.175.242 - - [14/Feb/2024:08:17:42 +0000] "-" 408 0 "-" "-"
203.253.175.242 - - [14/Feb/2024:08:18:49 +0000] "-" 408 0 "-" "-"
203.253.175.242 - - [14/Feb/2024:08:18:49 +0000] "-" 408 0 "-" "-"
146.19.24.28 - - [14/Feb/2024:08:26:45 +0000] "GET / HTTP/1.1" 200 897 "-" "-"
203.253.175.242 - - [14/Feb/2024:08:31:02 +0000] "-" 408 0 "-" "-"
203.253.175.242 - - [14/Feb/2024:08:31:02 +0000] "-" 408 0 "-" "-"
203.253.175.242 - - [14/Feb/2024:08:33:11 +0000] "-" 408 0 "-" "-"
203.253.175.242 - - [14/Feb/2024:08:33:11 +0000] "-" 408 0 "-" "-"
203.253.175.242 - - [14/Feb/2024:08:38:24 +0000] "-" 408 0 "-" "-"
203.253.175.242 - - [14/Feb/2024:08:38:24 +0000] "-" 408 0 "-" "-"
203.253.175.242 - - [14/Feb/2024:09:16:10 +0000] "-" 408 0 "-" "-"
203.253.175.242 - - [14/Feb/2024:09:16:10 +0000] "-" 408 0 "-" "-"
172.105.128.11 - - [14/Feb/2024:09:26:05 +0000] "\x16\x03\x01" 400 531 "-" "-"
69.164.217.245 - - [14/Feb/2024:09:32:32 +0000] "GET / HTTP/1.1" 200 675 "-" "Mozilla/5.0 zgrab/0.x"
172.104.11.34 - - [14/Feb/2024:09:32:54 +0000] "GET / HTTP/1.1" 200 675 "-" "Mozilla/5.0 (Macintosh; Intel Mac OS X 13_1) AppleWebKit/537.36 (KHTML, like Gecko) Chrome/108.0.0.0 Safari/537.36"
184.105.247.194 - - [14/Feb/2024:09:47:40 +0000] "\x16\x03\x01" 400 531 "-" "-"
45.142.182.85 - - [14/Feb/2024:09:51:43 +0000] "GET / HTTP/1.1" 200 897 "-" "-"
45.33.87.154 - - [14/Feb/2024:09:52:37 +0000] "GET / HTTP/1.1" 200 675 "-" "Mozilla/5.0 zgrab/0.x"
172.104.11.34 - - [14/Feb/2024:09:53:00 +0000] "GET / HTTP/1.1" 200 675 "-" "Mozilla/5.0 (Macintosh; Intel Mac OS X 13_1) AppleWebKit/537.36 (KHTML, like Gecko) Chrome/108.0.0.0 Safari/537.36"
185.224.128.55 - - [14/Feb/2024:10:02:28 +0000] "GET / HTTP/1.1" 200 731 "-" "Mozilla/5.0 (Windows NT 10.0; Win64; x64) AppleWebKit/537.36 (KHTML, like Gecko) Chrome/90.0.4430.85 Safari/537.36 Edg/90.0.818.46"
146.19.24.28 - - [14/Feb/2024:10:49:23 +0000] "GET / HTTP/1.1" 200 897 "-" "-"
12.235.110.190 - - [14/Feb/2024:10:54:19 +0000] "GET / HTTP/1.0" 200 916 "-" "-"
197.232.4.3 - - [14/Feb/2024:11:03:51 +0000] "GET / HTTP/1.1" 200 897 "-" "Mozilla/5.0 (Windows NT 10.0; WOW64) AppleWebKit/537.36 (KHTML, like Gecko) Chrome/52.0.2743.116 Safari/537.36"
78.153.140.175 - - [14/Feb/2024:11:29:14 +0000] "GET /.env HTTP/1.1" 404 3095 "-" "Mozilla/5.0 (X11; Linux x86_64) AppleWebKit/537.36 (KHTML, like Gecko) Chrome/81.0.4044.129 Safari/537.36"
78.153.140.175 - - [14/Feb/2024:11:29:15 +0000] "\x16\x03\x01\x01H\x01" 400 531 "-" "-"
185.224.128.55 - - [14/Feb/2024:11:31:42 +0000] "GET / HTTP/1.1" 200 731 "-" "Mozilla/5.0 (Windows NT 10.0; Win64; x64) AppleWebKit/537.36 (KHTML, like Gecko) Chrome/90.0.4430.85 Safari/537.36 Edg/90.0.818.46"
45.56.108.128 - - [14/Feb/2024:11:31:56 +0000] "GET /systembc/password.php HTTP/1.0" 404 3154 "-" "Mozilla/5.0 (Macintosh; Intel Mac OS X 10_15_7) AppleWebKit/537.36 (KHTML, like Gecko) Chrome/107.0.0.0 Safari/537.36"
146.19.24.28 - - [14/Feb/2024:11:33:51 +0000] "GET / HTTP/1.1" 200 897 "-" "-"
45.79.172.21 - - [14/Feb/2024:11:35:03 +0000] "\x16\x03\x01" 400 531 "-" "-"
45.79.163.53 - - [14/Feb/2024:11:35:18 +0000] "GET / HTTP/1.1" 200 675 "-" "Mozilla/5.0 zgrab/0.x"
172.105.128.11 - - [14/Feb/2024:11:35:30 +0000] "GET / HTTP/1.1" 200 675 "-" "Mozilla/5.0 (Macintosh; Intel Mac OS X 13_1) AppleWebKit/537.36 (KHTML, like Gecko) Chrome/108.0.0.0 Safari/537.36"
83.97.73.245 - - [14/Feb/2024:11:52:43 +0000] "GET /?XDEBUG_SESSION_START=phpstorm HTTP/1.1" 200 694 "-" "Mozilla/5.0 (Windows NT 10.0; Win64; x64) AppleWebKit/537.36 (KHTML, like Gecko) Chrome/78.0.3904.108 Safari/537.36"
172.104.11.34 - - [14/Feb/2024:11:59:19 +0000] "\x16\x03\x01" 400 531 "-" "-"
64.62.197.146 - - [14/Feb/2024:12:14:43 +0000] "GET / HTTP/1.1" 200 675 "-" "Mozilla/5.0 (Macintosh; Intel Mac OS X 10_15_7) AppleWebKit/605.1.15 (KHTML, like Gecko) Version/15.6.1 Safari/605.1.15"
64.62.197.149 - - [14/Feb/2024:12:16:19 +0000] "GET /favicon.ico HTTP/1.1" 404 3060 "-" "Mozilla/5.0 (Windows NT 10.0; Win64; x64) AppleWebKit/537.36 (KHTML, like Gecko) Chrome/109.0.0.0 Safari/537.36 Edg/109.0.1518.78"
64.62.197.151 - - [14/Feb/2024:12:17:00 +0000] "GET /geoserver/web/ HTTP/1.1" 404 3069 "-" "Mozilla/5.0 (Macintosh; Intel Mac OS X 10_15_7) AppleWebKit/605.1.15 (KHTML, like Gecko) Version/15.6.1 Safari/605.1.15"
167.94.138.125 - - [14/Feb/2024:12:18:10 +0000] "GET / HTTP/1.1" 200 897 "-" "-"
167.94.138.125 - - [14/Feb/2024:12:18:14 +0000] "GET / HTTP/1.1" 200 675 "-" "Mozilla/5.0 (compatible; CensysInspect/1.1; +https://about.censys.io/)"
167.94.138.125 - - [14/Feb/2024:12:18:14 +0000] "PRI * HTTP/2.0" 400 531 "-" "-"
167.94.138.125 - - [14/Feb/2024:12:18:14 +0000] "GET /favicon.ico HTTP/1.1" 404 3079 "-" "Mozilla/5.0 (compatible; CensysInspect/1.1; +https://about.censys.io/)"
172.104.11.34 - - [14/Feb/2024:12:28:24 +0000] "\x16\x03\x01" 400 531 "-" "-"
45.79.163.53 - - [14/Feb/2024:12:31:50 +0000] "GET / HTTP/1.1" 200 675 "-" "Mozilla/5.0 zgrab/0.x"
45.79.172.21 - - [14/Feb/2024:12:32:11 +0000] "GET / HTTP/1.1" 200 675 "-" "Mozilla/5.0 (Macintosh; Intel Mac OS X 13_1) AppleWebKit/537.36 (KHTML, like Gecko) Chrome/108.0.0.0 Safari/537.36"
139.59.101.104 - - [14/Feb/2024:12:37:44 +0000] "GET /cdn-cgi/trace HTTP/1.1" 404 3093 "-" "Mozilla/5.0"
146.19.24.28 - - [14/Feb/2024:13:01:48 +0000] "GET / HTTP/1.1" 200 897 "-" "-"
69.164.217.245 - - [14/Feb/2024:13:13:48 +0000] "GET / HTTP/1.1" 200 675 "-" "Mozilla/5.0 zgrab/0.x"
45.79.128.205 - - [14/Feb/2024:13:20:21 +0000] "GET / HTTP/1.1" 200 675 "-" "Mozilla/5.0 (Macintosh; Intel Mac OS X 13_1) AppleWebKit/537.36 (KHTML, like Gecko) Chrome/108.0.0.0 Safari/537.36"
203.253.175.242 - - [14/Feb/2024:13:34:13 +0000] "GET /favicon.ico HTTP/1.1" 404 3116 "http://34.22.76.150/" "Mozilla/5.0 (Windows NT 10.0; Win64; x64) AppleWebKit/537.36 (KHTML, like Gecko) Chrome/121.0.0.0 Safari/537.36 Edg/121.0.0.0"
203.253.175.242 - - [14/Feb/2024:13:35:04 +0000] "-" 408 0 "-" "-"
45.33.87.154 - - [14/Feb/2024:13:56:33 +0000] "GET / HTTP/1.1" 200 675 "-" "Mozilla/5.0 zgrab/0.x"
192.155.90.220 - - [14/Feb/2024:13:56:46 +0000] "GET / HTTP/1.1" 200 675 "-" "Mozilla/5.0 (Macintosh; Intel Mac OS X 13_1) AppleWebKit/537.36 (KHTML, like Gecko) Chrome/108.0.0.0 Safari/537.36"
175.6.40.66 - - [14/Feb/2024:14:09:08 +0000] "GET /TP/public/index.php HTTP/1.1" 404 3103 "-" "Mozilla/5.0 (Windows; U; Windows NT 6.0;en-US; rv:1.9.2) Gecko/20100115 Firefox/3.6)"
175.6.40.66 - - [14/Feb/2024:14:09:09 +0000] "GET /TP/index.php HTTP/1.1" 404 3082 "-" "Mozilla/5.0 (Windows; U; Windows NT 6.0;en-US; rv:1.9.2) Gecko/20100115 Firefox/3.6)"
175.6.40.66 - - [14/Feb/2024:14:09:09 +0000] "GET /thinkphp/html/public/index.php HTTP/1.1" 404 3136 "-" "Mozilla/5.0 (Windows; U; Windows NT 6.0;en-US; rv:1.9.2) Gecko/20100115 Firefox/3.6)"
175.6.40.66 - - [14/Feb/2024:14:09:09 +0000] "GET /html/public/index.php HTTP/1.1" 404 3109 "-" "Mozilla/5.0 (Windows; U; Windows NT 6.0;en-US; rv:1.9.2) Gecko/20100115 Firefox/3.6)"
175.6.40.66 - - [14/Feb/2024:14:09:10 +0000] "GET /public/index.php HTTP/1.1" 404 3094 "-" "Mozilla/5.0 (Windows; U; Windows NT 6.0;en-US; rv:1.9.2) Gecko/20100115 Firefox/3.6)"
175.6.40.66 - - [14/Feb/2024:14:09:10 +0000] "GET /TP/html/public/index.php HTTP/1.1" 404 3118 "-" "Mozilla/5.0 (Windows; U; Windows NT 6.0;en-US; rv:1.9.2) Gecko/20100115 Firefox/3.6)"
175.6.40.66 - - [14/Feb/2024:14:09:11 +0000] "GET /elrekt.php HTTP/1.1" 404 3076 "-" "Mozilla/5.0 (Windows; U; Windows NT 6.0;en-US; rv:1.9.2) Gecko/20100115 Firefox/3.6)"
175.6.40.66 - - [14/Feb/2024:14:09:11 +0000] "GET /index.php HTTP/1.1" 404 3073 "-" "Mozilla/5.0 (Windows; U; Windows NT 6.0;en-US; rv:1.9.2) Gecko/20100115 Firefox/3.6)"
175.6.40.66 - - [14/Feb/2024:14:09:11 +0000] "GET / HTTP/1.1" 200 694 "-" "Mozilla/5.0 (Windows; U; Windows NT 6.0;en-US; rv:1.9.2) Gecko/20100115 Firefox/3.6)"
45.5.203.17 - - [14/Feb/2024:14:25:59 +0000] "GET / HTTP/1.1" 200 897 "-" "Mozilla/5.0 (Windows NT 10.0; WOW64) AppleWebKit/537.36 (KHTML, like Gecko) Chrome/52.0.2743.116 Safari/537.36"
83.97.73.245 - - [14/Feb/2024:14:27:44 +0000] "GET /actuator/gateway/routes HTTP/1.1" 404 3118 "-" "Mozilla/5.0 (Windows NT 10.0; Win64; x64) AppleWebKit/537.36 (KHTML, like Gecko) Chrome/78.0.3904.108 Safari/537.36"
104.152.52.123 - - [14/Feb/2024:14:30:43 +0000] "GET / HTTP/1.0" 200 916 "-" "masscan/1.3 (https://github.com/robertdavidgraham/masscan)"
185.224.128.55 - - [14/Feb/2024:14:47:40 +0000] "GET / HTTP/1.1" 200 731 "-" "Mozilla/5.0 (Windows NT 10.0; Win64; x64) AppleWebKit/537.36 (KHTML, like Gecko) Chrome/90.0.4430.85 Safari/537.36 Edg/90.0.818.46"
192.155.88.231 - - [14/Feb/2024:15:34:36 +0000] "GET / HTTP/1.1" 200 675 "-" "Mozilla/5.0 zgrab/0.x"
45.79.181.179 - - [14/Feb/2024:15:34:51 +0000] "GET / HTTP/1.1" 200 675 "-" "Mozilla/5.0 (Macintosh; Intel Mac OS X 13_1) AppleWebKit/537.36 (KHTML, like Gecko) Chrome/108.0.0.0 Safari/537.36"
203.253.175.242 - - [14/Feb/2024:15:45:44 +0000] "GET /favicon.ico HTTP/1.1" 404 3116 "http://34.22.76.150/" "Mozilla/5.0 (Windows NT 10.0; Win64; x64) AppleWebKit/537.36 (KHTML, like Gecko) Chrome/121.0.0.0 Safari/537.36 Edg/121.0.0.0"
45.79.181.251 - - [14/Feb/2024:15:49:38 +0000] "\x16\x03\x01" 400 531 "-" "-"
198.74.56.46 - - [14/Feb/2024:16:07:43 +0000] "GET / HTTP/1.1" 200 675 "-" "Mozilla/5.0 zgrab/0.x"
45.79.172.21 - - [14/Feb/2024:16:07:59 +0000] "GET / HTTP/1.1" 200 675 "-" "Mozilla/5.0 (Macintosh; Intel Mac OS X 13_1) AppleWebKit/537.36 (KHTML, like Gecko) Chrome/108.0.0.0 Safari/537.36"
185.150.26.251 - - [14/Feb/2024:16:11:19 +0000] "GET / HTTP/1.1" 200 694 "-" "Mozilla/5.0 (X11; Ubuntu; Linux x86_64; rv:76.0) Gecko/20100101 Firefox/76.0"
185.224.128.55 - - [14/Feb/2024:16:11:20 +0000] "GET / HTTP/1.1" 200 731 "-" "Mozilla/5.0 (Windows NT 10.0; Win64; x64) AppleWebKit/537.36 (KHTML, like Gecko) Chrome/90.0.4430.85 Safari/537.36 Edg/90.0.818.46"
172.104.210.105 - - [14/Feb/2024:16:31:43 +0000] "GET / HTTP/1.1" 200 675 "-" "Mozilla/5.0 zgrab/0.x"
45.79.163.53 - - [14/Feb/2024:16:32:00 +0000] "GET / HTTP/1.1" 200 675 "-" "Mozilla/5.0 zgrab/0.x"
45.79.128.205 - - [14/Feb/2024:16:32:15 +0000] "GET / HTTP/1.1" 200 675 "-" "Mozilla/5.0 (Macintosh; Intel Mac OS X 13_1) AppleWebKit/537.36 (KHTML, like Gecko) Chrome/108.0.0.0 Safari/537.36"
45.79.128.205 - - [14/Feb/2024:16:32:18 +0000] "GET / HTTP/1.1" 200 675 "-" "Mozilla/5.0 (Macintosh; Intel Mac OS X 13_1) AppleWebKit/537.36 (KHTML, like Gecko) Chrome/108.0.0.0 Safari/537.36"
192.155.88.231 - - [14/Feb/2024:16:40:23 +0000] "GET / HTTP/1.1" 200 675 "-" "Mozilla/5.0 zgrab/0.x"
172.105.128.13 - - [14/Feb/2024:16:40:52 +0000] "GET / HTTP/1.1" 200 675 "-" "Mozilla/5.0 (Macintosh; Intel Mac OS X 13_1) AppleWebKit/537.36 (KHTML, like Gecko) Chrome/108.0.0.0 Safari/537.36"
69.164.217.74 - - [14/Feb/2024:16:43:41 +0000] "GET / HTTP/1.1" 200 675 "-" "Mozilla/5.0 zgrab/0.x"
172.105.128.13 - - [14/Feb/2024:16:44:00 +0000] "GET / HTTP/1.1" 200 675 "-" "Mozilla/5.0 (Macintosh; Intel Mac OS X 13_1) AppleWebKit/537.36 (KHTML, like Gecko) Chrome/108.0.0.0 Safari/537.36"
185.242.226.10 - - [14/Feb/2024:17:13:14 +0000] "GET / HTTP/1.1" 200 675 "-" "Mozilla/5.0 (Windows NT 10.0; Win64; x64) AppleWebKit/537.36 (KHTML, like Gecko) Chrome/88.0.4324.190 Safari/537.36"
146.19.24.28 - - [14/Feb/2024:17:17:42 +0000] "GET / HTTP/1.1" 200 897 "-" "-"
172.104.11.46 - - [14/Feb/2024:17:52:27 +0000] "\x16\x03\x01" 400 531 "-" "-"
45.79.181.104 - - [14/Feb/2024:17:59:46 +0000] "\x16\x03\x01" 400 531 "-" "-"
103.186.67.227 - - [14/Feb/2024:18:08:05 +0000] "POST /boaform/admin/formLogin HTTP/1.1" 404 3156 "http://34.22.76.150:80/admin/login.asp" "Mozilla/5.0 (X11; Ubuntu; Linux x86_64; rv:71.0) Gecko/20100101 Firefox/71.0"
221.213.12.106 - - [14/Feb/2024:18:26:59 +0000] "\x16\x03\x01" 400 531 "-" "-"
220.167.232.217 - - [14/Feb/2024:18:26:59 +0000] "\x16\x03\x01" 400 531 "-" "-"
178.212.219.104 - - [14/Feb/2024:18:32:35 +0000] "GET /boaform/admin/formLogin?username=ec8&psd=ec8 HTTP/1.0" 404 3185 "-" "-"
45.79.163.53 - - [14/Feb/2024:18:46:44 +0000] "GET / HTTP/1.1" 200 675 "-" "Mozilla/5.0 zgrab/0.x"
172.105.128.12 - - [14/Feb/2024:18:46:57 +0000] "GET / HTTP/1.1" 200 675 "-" "Mozilla/5.0 (Macintosh; Intel Mac OS X 13_1) AppleWebKit/537.36 (KHTML, like Gecko) Chrome/108.0.0.0 Safari/537.36"
69.164.217.245 - - [14/Feb/2024:18:56:14 +0000] "GET / HTTP/1.1" 200 675 "-" "Mozilla/5.0 zgrab/0.x"
45.33.80.243 - - [14/Feb/2024:18:56:38 +0000] "GET / HTTP/1.1" 200 675 "-" "Mozilla/5.0 (Macintosh; Intel Mac OS X 13_1) AppleWebKit/537.36 (KHTML, like Gecko) Chrome/108.0.0.0 Safari/537.36"
185.224.128.55 - - [14/Feb/2024:18:58:26 +0000] "GET / HTTP/1.1" 200 731 "-" "Mozilla/5.0 (Windows NT 10.0; Win64; x64) AppleWebKit/537.36 (KHTML, like Gecko) Chrome/90.0.4430.85 Safari/537.36 Edg/90.0.818.46"
198.74.56.46 - - [14/Feb/2024:19:02:57 +0000] "GET / HTTP/1.1" 200 675 "-" "Mozilla/5.0 zgrab/0.x"
205.210.31.136 - - [14/Feb/2024:19:18:09 +0000] "GET / HTTP/1.1" 200 897 "-" "Expanse, a Palo Alto Networks company, searches across the global IPv4 space multiple times per day to identify customers&#39; presences on the Internet. If you would like to be excluded from our scans, please send IP addresses/domains to: scaninfo@paloaltonetworks.com"
174.138.90.223 - - [14/Feb/2024:19:22:37 +0000] "GET / HTTP/1.0" 200 916 "-" "Mozilla/5.0 (X11; Linux x86_64; rv:73.0) Gecko/20100101 Firefox/73.0"
174.138.90.223 - - [14/Feb/2024:19:31:56 +0000] "GET / HTTP/1.1" 200 731 "-" "Mozilla/5.0 (X11; Linux x86_64; rv:73.0) Gecko/20100101 Firefox/73.0"
174.138.90.223 - - [14/Feb/2024:19:31:56 +0000] "GET /favicon.ico HTTP/1.1" 404 3115 "http://34.22.76.150/" "Mozilla/5.0 (X11; Linux x86_64; rv:73.0) Gecko/20100101 Firefox/73.0"
172.104.210.105 - - [14/Feb/2024:19:48:38 +0000] "GET / HTTP/1.1" 200 675 "-" "Mozilla/5.0 zgrab/0.x"
172.104.11.4 - - [14/Feb/2024:19:48:57 +0000] "GET / HTTP/1.1" 200 675 "-" "Mozilla/5.0 (Macintosh; Intel Mac OS X 13_1) AppleWebKit/537.36 (KHTML, like Gecko) Chrome/108.0.0.0 Safari/537.36"
45.79.181.94 - - [14/Feb/2024:19:55:39 +0000] "GET / HTTP/1.1" 200 675 "-" "Mozilla/5.0 (Macintosh; Intel Mac OS X 13_1) AppleWebKit/537.36 (KHTML, like Gecko) Chrome/108.0.0.0 Safari/537.36"
35.203.211.102 - - [14/Feb/2024:20:22:01 +0000] "GET / HTTP/1.1" 200 897 "-" "Expanse, a Palo Alto Networks company, searches across the global IPv4 space multiple times per day to identify customers&#39; presences on the Internet. If you would like to be excluded from our scans, please send IP addresses/domains to: scaninfo@paloaltonetworks.com"
198.74.56.46 - - [14/Feb/2024:20:22:05 +0000] "GET / HTTP/1.1" 200 675 "-" "Mozilla/5.0 zgrab/0.x"
45.33.80.243 - - [14/Feb/2024:20:22:31 +0000] "GET / HTTP/1.1" 200 675 "-" "Mozilla/5.0 (Macintosh; Intel Mac OS X 13_1) AppleWebKit/537.36 (KHTML, like Gecko) Chrome/108.0.0.0 Safari/537.36"
178.128.15.136 - - [14/Feb/2024:20:39:37 +0000] "GET / HTTP/1.1" 200 897 "-" "Mozilla/5.0 (Windows NT 10.0; Win64; x64; rv:109.0) Gecko/20100101 Firefox/109.0"
45.79.181.104 - - [14/Feb/2024:20:42:53 +0000] "\x16\x03\x01" 400 531 "-" "-"
206.81.1.88 - - [14/Feb/2024:20:51:31 +0000] "\x16\x03\x01" 400 531 "-" "-"
206.81.1.88 - - [14/Feb/2024:20:51:31 +0000] "GET / HTTP/1.1" 200 916 "-" "-"
206.81.1.88 - - [14/Feb/2024:20:51:31 +0000] "GET / HTTP/1.1" 200 916 "-" "Mozilla/5.0 (Linux; Android 6.0; HTC One M9 Build/MRA90176) AppleWebKit/537.36 (KHTML, like Gecko) Chrome/52.0.5718.98 Mobile Safari/537.3"
206.81.1.88 - - [14/Feb/2024:20:51:32 +0000] "GET /.vscode/sftp.json HTTP/1.1" 404 3097 "-" "Go-http-client/1.1"
206.81.1.88 - - [14/Feb/2024:20:51:32 +0000] "GET /about HTTP/1.1" 404 3061 "-" "Go-http-client/1.1"
206.81.1.88 - - [14/Feb/2024:20:51:33 +0000] "GET /debug/default/view?panel=config HTTP/1.1" 404 3113 "-" "Go-http-client/1.1"
206.81.1.88 - - [14/Feb/2024:20:51:33 +0000] "GET /v2/_catalog HTTP/1.1" 404 3079 "-" "Go-http-client/1.1"
206.81.1.88 - - [14/Feb/2024:20:51:33 +0000] "GET /ecp/Current/exporttool/microsoft.exchange.ediscovery.exporttool.application HTTP/1.1" 404 3271 "-" "Go-http-client/1.1"
206.81.1.88 - - [14/Feb/2024:20:51:34 +0000] "GET /server-status HTTP/1.1" 403 457 "-" "Go-http-client/1.1"
206.81.1.88 - - [14/Feb/2024:20:51:34 +0000] "GET /login.action HTTP/1.1" 404 3082 "-" "Go-http-client/1.1"
206.81.1.88 - - [14/Feb/2024:20:51:35 +0000] "GET /_all_dbs HTTP/1.1" 404 3070 "-" "Mozilla/5.0 (l9scan/2.0.035313e26373e22323e24333; +https://leakix.net)"
206.81.1.88 - - [14/Feb/2024:20:51:35 +0000] "GET /.DS_Store HTTP/1.1" 404 3073 "-" "Go-http-client/1.1"
206.81.1.88 - - [14/Feb/2024:20:51:35 +0000] "GET /.env HTTP/1.1" 404 3058 "-" "Go-http-client/1.1"
206.81.1.88 - - [14/Feb/2024:20:51:36 +0000] "GET /.git/config HTTP/1.1" 404 3079 "-" "Go-http-client/1.1"
206.81.1.88 - - [14/Feb/2024:20:51:36 +0000] "GET /s/035313e26373e22323e24333/_/;/META-INF/maven/com.atlassian.jira/jira-webapp-dist/pom.properties HTTP/1.1" 404 3336 "-" "Go-http-client/1.1"
206.81.1.88 - - [14/Feb/2024:20:51:37 +0000] "GET /config.json HTTP/1.1" 404 3079 "-" "Go-http-client/1.1"
206.81.1.88 - - [14/Feb/2024:20:51:37 +0000] "GET /telescope/requests HTTP/1.1" 404 3100 "-" "Go-http-client/1.1"
206.81.1.88 - - [14/Feb/2024:20:51:37 +0000] "GET /?rest_route=/wp/v2/users/ HTTP/1.1" 200 694 "-" "Go-http-client/1.1"
185.224.128.55 - - [14/Feb/2024:20:55:45 +0000] "GET / HTTP/1.1" 200 731 "-" "Mozilla/5.0 (Windows NT 10.0; Win64; x64) AppleWebKit/537.36 (KHTML, like Gecko) Chrome/90.0.4430.85 Safari/537.36 Edg/90.0.818.46"
23.90.165.142 - - [14/Feb/2024:21:16:12 +0000] "GET / HTTP/1.1" 200 675 "-" "Mozilla/5.0 (Windows NT 10.0; Win64; x64) AppleWebKit/537.36 (KHTML, like Gecko) Chrome/60.0.3112.113 Safari/537.36"
192.155.88.231 - - [14/Feb/2024:21:17:51 +0000] "GET / HTTP/1.1" 200 675 "-" "Mozilla/5.0 zgrab/0.x"
34.76.96.55 - - [14/Feb/2024:21:33:37 +0000] "GET / HTTP/1.1" 200 731 "-" "python-requests/2.31.0"
172.104.11.34 - - [14/Feb/2024:21:42:48 +0000] "GET / HTTP/1.1" 200 675 "-" "Mozilla/5.0 (Macintosh; Intel Mac OS X 13_1) AppleWebKit/537.36 (KHTML, like Gecko) Chrome/108.0.0.0 Safari/537.36"
143.198.214.253 - - [14/Feb/2024:22:15:55 +0000] "\x16\x03\x01\x01\x04\x01" 400 531 "-" "-"
143.198.214.253 - - [14/Feb/2024:22:19:17 +0000] "GET /hello HTTP/1.1" 404 3066 "-" "Mozilla/5.0"
146.19.24.28 - - [14/Feb/2024:22:26:21 +0000] "GET / HTTP/1.1" 200 897 "-" "-"
192.155.88.231 - - [14/Feb/2024:22:31:28 +0000] "GET / HTTP/1.1" 200 675 "-" "Mozilla/5.0 zgrab/0.x"
172.105.128.11 - - [14/Feb/2024:22:32:06 +0000] "GET / HTTP/1.1" 200 675 "-" "Mozilla/5.0 (Macintosh; Intel Mac OS X 13_1) AppleWebKit/537.36 (KHTML, like Gecko) Chrome/108.0.0.0 Safari/537.36"
185.224.128.55 - - [14/Feb/2024:22:57:20 +0000] "GET / HTTP/1.1" 200 731 "-" "Mozilla/5.0 (Windows NT 10.0; Win64; x64) AppleWebKit/537.36 (KHTML, like Gecko) Chrome/90.0.4430.85 Safari/537.36 Edg/90.0.818.46"
198.235.24.45 - - [14/Feb/2024:23:06:59 +0000] "GET / HTTP/1.0" 200 916 "-" "Expanse, a Palo Alto Networks company, searches across the global IPv4 space multiple times per day to identify customers&#39; presences on the Internet. If you would like to be excluded from our scans, please send IP addresses/domains to: scaninfo@paloaltonetworks.com"
36.39.206.49 - - [14/Feb/2024:23:20:22 +0000] "GET / HTTP/1.1" 400 531 "-" "-"
45.79.168.172 - - [15/Feb/2024:00:53:26 +0000] "GET / HTTP/1.1" 200 675 "-" "Mozilla/5.0 zgrab/0.x"
45.79.172.21 - - [15/Feb/2024:00:54:19 +0000] "GET / HTTP/1.1" 200 675 "-" "Mozilla/5.0 (Macintosh; Intel Mac OS X 13_1) AppleWebKit/537.36 (KHTML, like Gecko) Chrome/108.0.0.0 Safari/537.36"
192.155.88.231 - - [15/Feb/2024:01:30:18 +0000] "GET / HTTP/1.1" 200 675 "-" "Mozilla/5.0 zgrab/0.x"
31.220.3.140 - - [15/Feb/2024:01:30:37 +0000] "GET / HTTP/1.1" 200 897 "-" "-"
31.220.3.140 - - [15/Feb/2024:01:30:38 +0000] "POST /HNAP1/ HTTP/1.1" 404 3105 "-" "Mozila/5.0"
45.33.80.243 - - [15/Feb/2024:01:30:49 +0000] "GET / HTTP/1.1" 200 675 "-" "Mozilla/5.0 (Macintosh; Intel Mac OS X 13_1) AppleWebKit/537.36 (KHTML, like Gecko) Chrome/108.0.0.0 Safari/537.36"
185.224.128.55 - - [15/Feb/2024:01:40:07 +0000] "GET / HTTP/1.1" 200 731 "-" "Mozilla/5.0 (Windows NT 10.0; Win64; x64) AppleWebKit/537.36 (KHTML, like Gecko) Chrome/90.0.4430.85 Safari/537.36 Edg/90.0.818.46"
80.66.88.204 - - [15/Feb/2024:01:52:00 +0000] "\x03" 400 531 "-" "-"
34.41.25.72 - - [15/Feb/2024:01:55:29 +0000] "GET / HTTP/1.1" 200 916 "-" "-"
45.79.181.251 - - [15/Feb/2024:02:20:54 +0000] "\x16\x03\x01" 400 531 "-" "-"
185.122.204.179 - - [15/Feb/2024:02:56:22 +0000] "\x03" 400 531 "-" "-"
205.210.31.205 - - [15/Feb/2024:03:22:55 +0000] "\x16\x03\x01" 400 531 "-" "-"
205.210.31.205 - - [15/Feb/2024:03:22:56 +0000] "\x16\x03\x01" 400 531 "-" "-"
185.224.128.55 - - [15/Feb/2024:03:33:53 +0000] "GET / HTTP/1.1" 200 731 "-" "Mozilla/5.0 (Windows NT 10.0; Win64; x64) AppleWebKit/537.36 (KHTML, like Gecko) Chrome/90.0.4430.85 Safari/537.36 Edg/90.0.818.46"
198.235.24.156 - - [15/Feb/2024:04:00:58 +0000] "GET / HTTP/1.0" 200 916 "-" "Expanse, a Palo Alto Networks company, searches across the global IPv4 space multiple times per day to identify customers&#39; presences on the Internet. If you would like to be excluded from our scans, please send IP addresses/domains to: scaninfo@paloaltonetworks.com"
203.253.175.242 - - [15/Feb/2024:04:03:44 +0000] "-" 408 0 "-" "-"
203.253.175.242 - - [15/Feb/2024:04:03:44 +0000] "-" 408 0 "-" "-"
203.253.175.242 - - [15/Feb/2024:04:04:49 +0000] "-" 408 0 "-" "-"
203.253.175.242 - - [15/Feb/2024:04:04:49 +0000] "-" 408 0 "-" "-"
203.253.175.242 - - [15/Feb/2024:04:05:49 +0000] "-" 408 0 "-" "-"
203.253.175.242 - - [15/Feb/2024:04:05:49 +0000] "-" 408 0 "-" "-"
203.253.175.242 - - [15/Feb/2024:04:06:49 +0000] "-" 408 0 "-" "-"
203.253.175.242 - - [15/Feb/2024:04:06:49 +0000] "-" 408 0 "-" "-"
203.253.175.242 - - [15/Feb/2024:04:07:50 +0000] "-" 408 0 "-" "-"
203.253.175.242 - - [15/Feb/2024:04:07:50 +0000] "-" 408 0 "-" "-"
203.253.175.242 - - [15/Feb/2024:04:08:43 +0000] "-" 408 0 "-" "-"
203.253.175.242 - - [15/Feb/2024:04:08:43 +0000] "-" 408 0 "-" "-"
203.253.175.242 - - [15/Feb/2024:04:09:42 +0000] "-" 408 0 "-" "-"
203.253.175.242 - - [15/Feb/2024:04:09:42 +0000] "-" 408 0 "-" "-"
180.149.125.164 - - [15/Feb/2024:04:15:50 +0000] "GET /c/ HTTP/1.1" 404 3033 "-" "Mozilla/5.0 (Windows NT 5.1; Win64; x64) AppleWebKit/537.36 (KHTML, like Gecko) Chrome/60.0.3112.90 Safari/537.36"
141.98.11.89 - - [15/Feb/2024:04:16:56 +0000] "GET / HTTP/1.1" 200 897 "-" "-"
203.253.175.242 - - [15/Feb/2024:04:18:53 +0000] "-" 408 0 "-" "-"
203.253.175.242 - - [15/Feb/2024:04:18:53 +0000] "-" 408 0 "-" "-"
45.79.168.172 - - [15/Feb/2024:04:34:52 +0000] "GET / HTTP/1.1" 200 675 "-" "Mozilla/5.0 zgrab/0.x"
203.253.175.242 - - [15/Feb/2024:04:40:36 +0000] "-" 408 0 "-" "-"
203.253.175.242 - - [15/Feb/2024:04:40:36 +0000] "-" 408 0 "-" "-"
45.79.181.179 - - [15/Feb/2024:04:45:51 +0000] "\x16\x03\x01" 400 531 "-" "-"
203.253.175.242 - - [15/Feb/2024:04:45:56 +0000] "-" 408 0 "-" "-"
203.253.175.242 - - [15/Feb/2024:04:45:56 +0000] "-" 408 0 "-" "-"
106.75.75.158 - - [15/Feb/2024:04:47:48 +0000] "GET / HTTP/1.1" 200 897 "-" "-"
103.173.226.131 - - [15/Feb/2024:04:52:45 +0000] "GET /api/settings HTTP/1.1" 404 3063 "-" "Mozilla/5.0 (Windows NT 10.0; Win64; x64) AppleWebKit/537.36 (KHTML, like Gecko) Chrome/120.0.0.0 Safari/537.36"
203.253.175.242 - - [15/Feb/2024:04:59:01 +0000] "-" 408 0 "-" "-"
203.253.175.242 - - [15/Feb/2024:04:59:01 +0000] "-" 408 0 "-" "-"
198.235.24.156 - - [15/Feb/2024:05:04:55 +0000] "\x16\x03\x01" 400 531 "-" "-"
198.235.24.156 - - [15/Feb/2024:05:04:55 +0000] "\x16\x03\x01" 400 531 "-" "-"
203.253.175.242 - - [15/Feb/2024:05:16:16 +0000] "-" 408 0 "-" "-"
203.253.175.242 - - [15/Feb/2024:05:16:16 +0000] "-" 408 0 "-" "-"
64.62.197.72 - - [15/Feb/2024:05:39:38 +0000] "\x16\x03\x01" 400 531 "-" "-"
203.253.175.242 - - [15/Feb/2024:05:55:47 +0000] "-" 408 0 "-" "-"
203.253.175.242 - - [15/Feb/2024:05:55:47 +0000] "-" 408 0 "-" "-"
203.253.175.242 - - [15/Feb/2024:06:03:16 +0000] "-" 408 0 "-" "-"
203.253.175.242 - - [15/Feb/2024:06:03:16 +0000] "-" 408 0 "-" "-"
203.253.175.242 - - [15/Feb/2024:06:04:29 +0000] "-" 408 0 "-" "-"
203.253.175.242 - - [15/Feb/2024:06:04:29 +0000] "-" 408 0 "-" "-"
203.253.175.242 - - [15/Feb/2024:06:05:31 +0000] "-" 408 0 "-" "-"
203.253.175.242 - - [15/Feb/2024:06:05:31 +0000] "-" 408 0 "-" "-"
203.253.175.242 - - [15/Feb/2024:06:06:29 +0000] "-" 408 0 "-" "-"
203.253.175.242 - - [15/Feb/2024:06:06:29 +0000] "-" 408 0 "-" "-"
203.253.175.242 - - [15/Feb/2024:06:14:49 +0000] "-" 408 0 "-" "-"
203.253.175.242 - - [15/Feb/2024:06:14:49 +0000] "-" 408 0 "-" "-"
